>NODE_1001_length_1932_cov_261.528241_g807_i0; orig.      2 to    106 ; GATCCTGCCAGT...AATCAGTTATAG
     1  DPASSHMLVSKTKPCMCKYKRLNSKTANGSLNQL*
    34

>NODE_1001_length_1932_cov_261.528241_g807_i0; orig.      3 to     68 ; ATCCTGCCAGTA...ATAAACGCTTGA
     1  ILPVVICLSQRLSHACASINA*
    21

>NODE_1001_length_1932_cov_261.528241_g807_i0; orig.     76 to    339 ; GACTGCGAATGG...TTTCGATGGTAG
     1  DCEWLIKSVIVYLMVAHYVDNRGNSRANTCKKFRLLAGRDVFIRSKTNSSWARSSSVKLV
    61  IHGNWSNRLAFAPAMVHSSFCPINFRW*
    87

>NODE_1001_length_1932_cov_261.528241_g807_i0; orig.    116 to    184 ; TGGTGGCCCACT...TCCGACTCTTAG
     1  WWPTTWITVVILELIHAKSSDS*
    22

>NODE_1001_length_1932_cov_261.528241_g807_i0; orig.    185 to    247 ; CGGGAAGGGACG...CCAGCTCGGTGA
     1  REGTYLLDPKPTRVGLVPAR*
    20

>NODE_1001_length_1932_cov_261.528241_g807_i0; orig.    257 to    370 ; TTCATGGTAACT...CGCAACGGGTGA
     1  FMVTGRIAWPLRRRWFIQVSALSTFDGRVLAYHGRNG*
    37

>NODE_1001_length_1932_cov_261.528241_g807_i0; orig.    267 to    407 ; CTGGTCGAATCG...GAGGGAGCCTGA
     1  LVESLGLCAGDGSFKFLPYQLSMVGYWPTMVATGDGELGFDSGEGA*
    46

>NODE_1001_length_1932_cov_261.528241_g807_i0; orig.    371 to    475 ; CGGAGAATTAGG...TCGGGGAGGTAG
     1  RRIRVRFRRGSLRNGYHIQGRQQARKLPNPDSGR*
    34

>NODE_1001_length_1932_cov_261.528241_g807_i0; orig.    382 to    546 ; GGTTCGATTCCG...CAAACCCCTTAA
     1  GSIPEREPEKRLPHPRKAAGAQITQSRLGEVVTINNNAGPSCGPAIGMRSIQTP*
    54

>NODE_1001_length_1932_cov_261.528241_g807_i0; orig.    408 to    488 ; GAAACGGCTACC...GACAATAAATAA
     1  ETATTSKEGSRRANYPIPTRGGSDNK*
    26

>NODE_1001_length_1932_cov_261.528241_g807_i0; orig.    489 to    560 ; CAATGCCGGTCC...AGGAACAATTAG
     1  QCRSLMWSGNWNEINPNPLTRNN*
    23

>NODE_1001_length_1932_cov_261.528241_g807_i0; orig.    527 to    616 ; GATCAATCCAAA...AGCGTATATTAA
     1  DQSKPLNEEQLEGKSGASSRGNSSSNSVY*
    29

>NODE_1001_length_1932_cov_261.528241_g807_i0; orig.    561 to    692 ; AGGGCAAGTCTG...TGGTTCCTTTAA
     1  RASLVPAAAVIPALIAYIKVVAVKKLVVGFRGPLRSGRFAWFL*
    43

>NODE_1001_length_1932_cov_261.528241_g807_i0; orig.    632 to    802 ; AAAGCTCGTAGT...GTCTGCTCTTGA
     1  KARSWISGPASVRAVCVVPLTGFYVELFGRSARPARSAERRALPGGSKFLGVSVCS*
    56

>NODE_1001_length_1932_cov_261.528241_g807_i0; orig.    643 to    894 ; TTGGATTTCGGG...AGCATGGAATAA
     1  LDFGARFGPGGLRGSFNRVLRGAVREERSAGAVRREASTARRLQVSRSFRLLLIAAVGGS
    61  GTFTLNKLECSKQAGRFEYVSME*
    83

>NODE_1001_length_1932_cov_261.528241_g807_i0; orig.    693 to    875 ; CCGGGTTCTACG...AGGTCGCTTTGA
     1  PGSTWSCSGGALGRRGPPRGEHCPAAPSFSEFPSALDCSGRGIRDVYFEQIRVFQAGRSL
    61  *
    60

>NODE_1001_length_1932_cov_261.528241_g807_i0; orig.    848 to   1054 ; AGTGTTCCAAGC...TGTTTTCATTAA
     1  SVPSRQVALNTLAWNNGIGLVVLFCWFYGGQSWSIGTVGGVRIQLSEVKFSDLRKTVKCE
    61  SIRQACFH*
    68

>NODE_1001_length_1932_cov_261.528241_g807_i0; orig.    895 to   1101 ; TGGAATAGGGCT...ATACCGTCGTAG
     1  WNRAGRPVLLVLRRAVMVDRDSWGRSYSVVRGEILGFTEDGQMRKHSPSMFSLIKNESWG
    61  FEDDQIPS*
    68

>NODE_1001_length_1932_cov_261.528241_g807_i0; orig.    993 to   1127 ; AATTCTCGGATT...GATGCCGGCTAG
     1  NSRIYGRRSNAKAFAKHVFINQERKLGVRRRSDTVVVPTINDAG*
    44

>NODE_1001_length_1932_cov_261.528241_g807_i0; orig.   1055 to   1216 ; TCAAGAACGAAA...TCGCAAGGCTGA
     1  SRTKVGGSKTIRYRRSPNHKRCRLGIGGRRVRLRRHLARNRSLWVPGGVWSQG*
    53

>NODE_1001_length_1932_cov_261.528241_g807_i0; orig.   1114 to   1269 ; ACGATGCCGGCT...CCTGCGGCTTAA
     1  TMPARDRRTSGATPSAPCEKSKPLGSGGSMVARLKLKGIDGRAPPGVEPAA*
    51

>NODE_1001_length_1932_cov_261.528241_g807_i0; orig.   1128 to   1223 ; GGATCGGCGGAC...GCTGAAACTTAA
     1  GSADVGCDSVGTLREIEAFGFRGEYGRKAET*
    31

>NODE_1001_length_1932_cov_261.528241_g807_i0; orig.   1217 to   1495 ; AACTTAAAGGAA...GCGAGTTGGTAG
     1  NLKELTEGHHQEWSLRLNLTQHGEPHQVRTWEGLTDRELFLDSMGGGAWPFLVGGVICLV
    61  DSVNERDLNLLTSRAVSERRARFLGACFRASW*
    92

>NODE_1001_length_1932_cov_261.528241_g807_i0; orig.   1270 to   1341 ; TTTGACTCAACA...GCTCTTTCTTGA
     1  FDSTRGTSPGPDMGRIDRSRALS*
    23

>NODE_1001_length_1932_cov_261.528241_g807_i0; orig.   1431 to   1532 ; CTAGTCGTGCCG...GCGACTTCTTAG
     1  LVVPFPNGGRGSLGLAFGRVGRVAFRLEGQATS*
    33

>NODE_1001_length_1932_cov_261.528241_g807_i0; orig.   1435 to   1575 ; TCGTGCCGTTTC...TTGAGGCAATAA
     1  SCRFRTAGAVPWGLLSGELVGSRSGWKARRLLRGTLGVAAEGGLRQ*
    46

>NODE_1001_length_1932_cov_261.528241_g807_i0; orig.   1496 to   1567 ; GGTCGCGTTCCG...AGGGAGGATTGA
     1  GRVPAGRPGDFLEGHSALQPRED*
    23

>NODE_1001_length_1932_cov_261.528241_g807_i0; orig.   1568 to   1696 ; GGCAATAACAGG...TGCTGGGGATAG
     1  GNNRSVMPLDVLGRTRATLTDSASVSFAGRCGQSCEFPSCWG*
    42

>NODE_1001_length_1932_cov_261.528241_g807_i0; orig.   1576 to   1734 ; CAGGTCTGTGAT...AGGAATTCCTAG
     1  QVCDALRCSGPHARYTDGFSERVLRRKVRAILRVSVVLGIDGCNCRSSTRNS*
    52

>NODE_1001_length_1932_cov_261.528241_g807_i0; orig.   1626 to   1886 ; CGGATTCAGCGA...AAGTTTTTCTAG
     1  RIQRACPSPEGAGNLASFRRAGDRWLQLSIFNEEFLVSASHQLALITSLPFVHTARRYYR
    61  LSGFVRNSDWIWRRSATCAPASEKFF*
    86

>NODE_1001_length_1932_cov_261.528241_g807_i0; orig.   1697 to   1930 ; ATGGTTGCAATT...AAGGTTTCCGTA
     1  MVAIVDLQRGIPSKRESSARADYVPALCTHRPSLLPIERLCEKFGLDLEAFGNVRSSLRE
    61  VFLAAPLRGSKSRNKVSV
    78

>NODE_1001_length_1932_cov_261.528241_g807_i0; orig.   1822 to   1899 ; GAAATTCGGATT...GGCGCCGCTTAG
     1  EIRIGSGGVRQRALQPPRSFSSGAA*
    25

>NODE_1001_length_1932_cov_261.528241_g807_i0; compl.   1932 to   1762 ; GGTTTCCGTAGG...TTACGTCCCTGC
     1  PTETLLRLLLPLSGAARKTSRRLERTLPNASRSNPNFSQSRSIGSSDGRCVQRAGT*
    56

>NODE_1001_length_1932_cov_261.528241_g807_i0; compl.   1895 to   1731 ; TAGCGGCGCCGC...CTAGTAAGCGCG
     1  AAPLEKLLGGWSARCRTPPDPIRISHKAAQSVVATGGVYKGQGRNQRELMTRAY*
    54

>NODE_1001_length_1932_cov_261.528241_g807_i0; compl.   1882 to   1799 ; CGAGAAGTTTTT...CTACCGATTGAG
     1  KNFSEAGAHVAERLQIQSEFLTKPLNR*
    27

>NODE_1001_length_1932_cov_261.528241_g807_i0; compl.   1744 to   1631 ; AGTAAGCGCGAG...TCAGCGAGCGTG
     1  LALTRNSSLKIDNCNHLSPARRKLARLPAPSGEGHAR*
    37

>NODE_1001_length_1932_cov_261.528241_g807_i0; compl.   1730 to   1617 ; AACGAGGAATTC...CTACACTGACGG
     1  EFLVEDRQLQPSIPSTTETRKIARTFRRRTRSLNPSV*
    37

>NODE_1001_length_1932_cov_261.528241_g807_i0; compl.   1716 to   1291 ; AATTGTCGATCT...TCACCAGGTCCG
     1  RSTIATIYPQHDGNSQDCPHLPAKDTLAESVSVARVRPRTSKGITDLLLPQSSLGCNAEC
    61  PSKKSPGLPAGTRPYQLARKQAPRNRARRSETARLVSRLRSRSLTESTRQITPPTKNGHA
   121  PPPIESRKSSRSVNPSHVRTW*
   141

>NODE_1001_length_1932_cov_261.528241_g807_i0; compl.   1616 to   1431 ; GCCGCACGCGCG...CTAGTCGTGCCG
     1  RACGPEHLRASQTCYCLNPPSAATPSVPLRSRLAFQPERDPTNSPESKPQGTAPAVRKRH
    61  D*
    61

>NODE_1001_length_1932_cov_261.528241_g807_i0; compl.   1591 to   1529 ; TCTGTGATGCCC...TTAGAGGGACAC
     1  GHHRPVIASILPRLQRRVSL*
    20

>NODE_1001_length_1932_cov_261.528241_g807_i0; compl.   1528 to   1427 ; CCAGGCGACTTC...CTAACTAGTCGT
     1  EVAWPSSRNATLPTRPKASPKEPRPPFGNGTTS*
    33

>NODE_1001_length_1932_cov_261.528241_g807_i0; compl.   1369 to   1220 ; GCATGGCCGTTC...TTAAAGGAATTG
     1  ERPCTTTHRIKKELSICQSFPCPDLVRFPVLSQIKPQAPLLVVPFRQFL*
    49

>NODE_1001_length_1932_cov_261.528241_g807_i0; compl.   1343 to   1266 ; TCTTTCTTGATT...TTAATTTGACTC
     1  NQERALDLSILPMSGPGEVPRVESN*
    25

>NODE_1001_length_1932_cov_261.528241_g807_i0; compl.   1275 to   1051 ; GCTTAATTTGAC...TTAATCAAGAAC
     1  VKLSRRLHSWWCPSVNSFKFQPCDHTPPGTQRLRFLARCRRSRTRRPPIPSRHRLWLGLR
    61  RYLIVFEPPTFVLD*
    74

>NODE_1001_length_1932_cov_261.528241_g807_i0; compl.   1265 to   1086 ; GGAGCCTGCGGC...TCAGATACCGTC
     1  AAGSTPGGALPSIPLSFSLATILPPEPKGFDFSQGADGVAPDVRRSLAGIVYGWDYDGI*
    59

>NODE_1001_length_1932_cov_261.528241_g807_i0; compl.   1219 to   1124 ; CAAGGCTGAAAC...CTAGGGATCGGC
     1  VSALRPYSPRNPKASISRKVPTESHPTSADP*
    31

>NODE_1001_length_1932_cov_261.528241_g807_i0; compl.   1123 to   1055 ; AAACGATGCCGG...TCAAGAACGAAA
     1  PASFMVGTTTVSDRLRTPNFRS*
    22

>NODE_1001_length_1932_cov_261.528241_g807_i0; compl.   1085 to   1017 ; GTTCGAAGACGA...TCAAATGCGAAA
     1  SSSNPQLSFLINENMLGECFRI*
    22

>NODE_1001_length_1932_cov_261.528241_g807_i0; compl.   1047 to    976 ; CCAAGCATGTTT...TCAGTTGTCAGA
     1  KHAWRMLSHLTVFRKSENFTSDN*
    23

>NODE_1001_length_1932_cov_261.528241_g807_i0; compl.   1016 to    600 ; TACGGAAGACGG...CTAATAGCGTAT
     1  PSSVNPRISPLTTEYERPQLSLSTMTALRKTNKTGRPALFHYSMLTYSKRPACLEHSNLF
    61  KVNVPDPPTAAIKSRRKLRETWSRRAVLASRRTAPAERSSRTAPRRTRLKEPRKPPGPKR
   121  APKSNYELFNCNNFNIRY*
   138

>NODE_1001_length_1932_cov_261.528241_g807_i0; compl.    927 to    844 ; GTTTTGTTGGTT...TTAGAGTGTTCC
     1  NQQNRTTSPIPLFHANVFKATCLLGTL*
    27

>NODE_1001_length_1932_cov_261.528241_g807_i0; compl.    843 to    700 ; ACTTTGAACAAA...CTACGTGGAGCT
     1  FVQSKRPGSPDRCNQEQTETPRNLEPPGSARLSADRAGRALLPNSST*
    47

>NODE_1001_length_1932_cov_261.528241_g807_i0; compl.    829 to    689 ; GATCCGGGACGT...TTAACCGGGTTC
     1  TSRIPRPLQSRADGNSEKLGAAGQCSPLGGPRRPSAPPEQLHVEPG*
    46

>NODE_1001_length_1932_cov_261.528241_g807_i0; compl.    699 to    628 ; TTTAACCGGGTT...TTAAAAAGCTCG
     1  NPVKGTTQTARTEAGPEIQLRAF*
    23

>NODE_1001_length_1932_cov_261.528241_g807_i0; compl.    688 to    557 ; TGCGTGGTTCCT...TTAGAGGGCAAG
     1  RNHANRPDRSGPRNPTTSFLTATTLIYAIRAGITAAAGTRLAL*
    43

>NODE_1001_length_1932_cov_261.528241_g807_i0; compl.    612 to    529 ; TAATAGCGTATA...TCAATCCAAACC
     1  YTLLELELPRLLAPDLPSNCSSLRGLD*
    27

>NODE_1001_length_1932_cov_261.528241_g807_i0; compl.    556 to    449 ; AACGAGGAACAA...TTACCCAATCCC
     1  LFLVKGFGLISFQLPDHMRDRHCYLLSLPPRVGIG*
    35

>NODE_1001_length_1932_cov_261.528241_g807_i0; compl.    542 to    378 ; AATCCAAACCCC...TTAGGGTTCGAT
     1  GVWIDLIPIAGPHEGPALLFIVTTSPSRDWVICAPAAFLGCGSRFSGSLSGIEP*
    54

>NODE_1001_length_1932_cov_261.528241_g807_i0; compl.    501 to    415 ; AATGCCGGTCCC...CTACCACATCCA
     1  GTGIVIYCHYLPESGLGNLRACCLPWMW*
    28

>NODE_1001_length_1932_cov_261.528241_g807_i0; compl.    448 to    323 ; CAGGCGCGCAAA...TCAACTTTCGAT
     1  FARLLPSLDVVAVSQAPSPESNPNSPSPVATMVGQYPTIES*
    41

>NODE_1001_length_1932_cov_261.528241_g807_i0; compl.    414 to    349 ; CCTGAGAAACGG...CTACCATGGTCG
     1  PFLRLPLRNRTLILRHPLRPW*
    21

>NODE_1001_length_1932_cov_261.528241_g807_i0; compl.    377 to    303 ; GGTGACGGAGAA...TCATTCAAGTTT
     1  FSVTRCDHGRPIPYHRKLIGQKLE*
    24

>NODE_1001_length_1932_cov_261.528241_g807_i0; compl.    319 to    203 ; CAAGTTTCTGCC...TTAGATCCAAAA
     1  GRNLNEPSPAQRPSDSTSYHESPISPSWNEPNSSWFWI*
    38

>NODE_1001_length_1932_cov_261.528241_g807_i0; compl.    306 to    181 ; GCGATGGTTCAT...TTAGCGGGAAGG
     1  MNHRRRKGQAIRPVTMNHQFHRAGTSPTRVGFGSNKYVPSR*
    41

>NODE_1001_length_1932_cov_261.528241_g807_i0; compl.    257 to    126 ; GAAATTGGTGAT...CTACGTGGATAA
     1  ITNFTELERAQLELVLDLINTSLPAKSRNFLHVLALELPRLST*
    43

>NODE_1001_length_1932_cov_261.528241_g807_i0; compl.    180 to     97 ; AAGTTCCGACTC...TCAGTTATAGTT
     1  ESELFACISSRITTVIHVVGHHQINYN*
    27

>NODE_1001_length_1932_cov_261.528241_g807_i0; compl.    107 to     36 ; ATCAGTTATAGT...CTAAGCCATGCA
     1  TITDLMSHSQSYCSSVYTCTCMA*
    23

>NODE_1001_length_1932_cov_261.528241_g807_i0; compl.     96 to     16 ; TGGCTCATTAAA...TCATATGCTTGT
     1  FNEPFAVLLFKRLYLHMHGLVFETSI*
    26

