>NODE_800_length_18389_cov_10.324705 gc=4; orig.      3 to     68 ; AGTTCAATAAGA...GTAAGGCAATAA
     1  SSIREQRHLGGLCWLKSNVRQ*
    21

>NODE_800_length_18389_cov_10.324705 gc=4; orig.      5 to     97 ; TTCAATAAGAGA...ATCAACATTTAA
     1  FNKRTAPFRRIVLVKIQRKAIIEEERYINI*
    30

>NODE_800_length_18389_cov_10.324705 gc=4; orig.     61 to    126 ; GGCAATAATAGA...TGTAAAGATTAG
     1  GNNRRRTLYQHLKERFYICKD*
    21

>NODE_800_length_18389_cov_10.324705 gc=4; orig.    120 to    200 ; AGATTAGTAGGA...AACTTTGAGTAA
     1  RLVGTSNKWMTRVFLMGVIKRKVNFE*
    26

>NODE_800_length_18389_cov_10.324705 gc=4; orig.    166 to    306 ; TGGGCGTTATTA...AGATTCCGTTAG
     1  WALLNERSTLSNFESWIPTGETQVIRFNLGIKTFKYQNKRNQARFR*
    46

>NODE_800_length_18389_cov_10.324705 gc=4; orig.    239 to    340 ; TTAGATTTAATT...TTAAACTCTTAG
     1  LDLIWELKHLSTKIKEIKRDSVSSGERKRSLNS*
    33

>NODE_800_length_18389_cov_10.324705 gc=4; orig.    355 to    489 ; AAACCAAAGAGG...AAGGAAAGTTGA
     1  KPKRVKVLSILNKVIKYNYLKKGVAHIWTKYKNKPIVKSTVKES*
    44

>NODE_800_length_18389_cov_10.324705 gc=4; orig.    519 to    716 ; AATTTGTTGACT...AAGCTAATGTAA
     1  NLLTYKQCKNTYLLYYGFARLRFGKFKYINEDVAKASFYSVKKIYLSVKFFPKPSDLGMG
    61  SLKLM*
    65

>NODE_800_length_18389_cov_10.324705 gc=4; orig.    619 to    690 ; CGAAAGCGAGTT...CAAGTGATCTAG
     1  RKRVFIALRKFIFQSNSSRNQVI*
    23

>NODE_800_length_18389_cov_10.324705 gc=4; orig.    724 to    789 ; TGGAGGAACGAA...GTGAAAAGCTAA
     1  WRNELMIVAKISDDLCLVVKS*
    21

>NODE_800_length_18389_cov_10.324705 gc=4; orig.    765 to    830 ; CCTGTGTCTAGT...AAATTTATTTAA
     1  PVSSSEKLIELGVSWFSAKFI*
    21

>NODE_800_length_18389_cov_10.324705 gc=4; orig.    831 to    914 ; GTAAAGCGTTAT...ACTAAACTATGA
     1  VKRYTKFFYCKALEGVGGASWPRLTKL*
    27

>NODE_800_length_18389_cov_10.324705 gc=4; orig.    835 to    903 ; AGCGTTATACTA...GGCCAAGACTAA
     1  SVILSFFIVKHWRVLEAQAGQD*
    22

>NODE_800_length_18389_cov_10.324705 gc=4; orig.    904 to   1017 ; CTAAACTATGAA...AAAAAAATCTAA
     1  LNYEGKRILYNRRTIGDQVYCREGNNPDHKFRSLKKI*
    37

>NODE_800_length_18389_cov_10.324705 gc=4; orig.   1055 to   1123 ; GTAGGCTTGGAA...ATAAACCCCTAA
     1  VGLEPAIFVRLRNSSFNKFINP*
    22

>NODE_800_length_18389_cov_10.324705 gc=4; orig.   1093 to   1161 ; CAGTTCATTCAA...AACTATGAATAA
     1  QFIQQIYKPLKLGWLKKPRNYE*
    22

>NODE_800_length_18389_cov_10.324705 gc=4; orig.   1185 to   1250 ; ACAATAGTTAGC...ACCCCAGTGTGA
     1  TIVSEKLVISSDNANMSKTPV*
    21

>NODE_800_length_18389_cov_10.324705 gc=4; orig.   1286 to   1474 ; GGTAAATCCAAA...ATGACCCCGTAA
     1  GKSKLGETVSKIRRLGGVLMRENGISSNEPRKFYLKRTVLRTNSSGQSDGKIYFKELGKM
    61  TP*
    62

>NODE_800_length_18389_cov_10.324705 gc=4; orig.   1501 to   1617 ; TCTAAAAATTAT...CCTGCCCAATGA
     1  SKNYEMVGGRKEGVSTVYQKHSFQQICKIVVLEVRPAQ*
    38

>NODE_800_length_18389_cov_10.324705 gc=4; orig.   1515 to   1583 ; AATGGTAGGTGG...GCAAATATGTAA
     1  NGRWQKRGSVDCLPKTQLPANM*
    22

>NODE_800_length_18389_cov_10.324705 gc=4; orig.   1523 to   1588 ; GTGGCAGAAAAG...TATGTAAAATAG
     1  VAEKRECRLFTKNTASSKYVK*
    21

>NODE_800_length_18389_cov_10.324705 gc=4; orig.   1584 to   1667 ; AATAGTCGTATT...AAGGACAATTAA
     1  NSRIGGEACPMIGSENKWCVCHLYKDN*
    27

>NODE_800_length_18389_cov_10.324705 gc=4; orig.   1618 to   1680 ; TTGGATCCGAAA...TGGCCGCGGTAA
     1  LDPKTNGVYVICIRTIKWPR*
    20

>NODE_800_length_18389_cov_10.324705 gc=4; orig.   1696 to   1770 ; TGTAGCGTAATC...GTCTCAAGATAA
     1  CSVINSQLIVGKYEWCNECSTVSR*
    24

>NODE_800_length_18389_cov_10.324705 gc=4; orig.   1746 to   1820 ; CGAATGCTCTAC...ACAAATTGTTAG
     1  RMLYCLKINTDEIEFVVKMLRTNC*
    24

>NODE_800_length_18389_cov_10.324705 gc=4; orig.   1787 to   1873 ; ATTCGTAGTGAA...TATATCAAATAA
     1  IRSEDATYKLLDEKTLLSFTGNLYCYIK*
    28

>NODE_800_length_18389_cov_10.324705 gc=4; orig.   1798 to   1902 ; AGATGCTACGTA...GGAGTGCTCTGA
     1  RCYVQIVRREDPIELYWKLILLYQINLYRGSGVL*
    34

>NODE_800_length_18389_cov_10.324705 gc=4; orig.   1839 to   1937 ; GCTTTACTGGAA...TATAACTTATAG
     1  ALLETYIVISNKFVSWEWSALKVSTFLFNYNL*
    32

>NODE_800_length_18389_cov_10.324705 gc=4; orig.   1903 to   1998 ; AAGTTTCTACTT...TTTAAAAAGTAA
     1  KFLLFYLIITYRLSLKSVSWTVWLGQPPFKK*
    31

>NODE_800_length_18389_cov_10.324705 gc=4; orig.   1958 to   2026 ; GTTGGACAGTTT...GTAAAGACATAA
     1  VGQFGWGNRLLKSNEGEQKVKT*
    22

>NODE_800_length_18389_cov_10.324705 gc=4; orig.   2111 to   2173 ; CGATCAACGGAT...AGTTCTTATTGA
     1  RSTDKSYHRDNSVILFESSY*
    20

>NODE_800_length_18389_cov_10.324705 gc=4; orig.   2161 to   2256 ; GAGTTCTTATTG...TTCGTCCATTAA
     1  EFLLTTMFATSMLNCGDLEVQPFPRVGLFVH*
    31

>NODE_800_length_18389_cov_10.324705 gc=4; orig.   2201 to   2335 ; ATTGTGGTGACC...AATACTAAATAA
     1  IVVTWRCSRFQGLDCSSIKTAHDLSSVHRKIARFLSTICKGNTK*
    44

>NODE_800_length_18389_cov_10.324705 gc=4; orig.   2211 to   2273 ; CCTGGAGGTGCA...CACATGATTTGA
     1  PGGAAVSKGWTVRPLKPHMI*
    20

>NODE_800_length_18389_cov_10.324705 gc=4; orig.   2295 to   2555 ; CACGGTTTCTAT...AAAGATTACTAA
     1  HGFYLQFVKEILNKLFSSTKGSKDSRPMVTNFKCWVATMKGIIAECISSEKTIIFISCLN
    61  IMRAVLKKNVNRIYILATVMWRVKDY*
    86

>NODE_800_length_18389_cov_10.324705 gc=4; orig.   2444 to   2509 ; GAAGACTATTAT...AAACGTGAATAG
     1  EDYYFYFLFKYNEGSFKEKRE*
    21

>NODE_800_length_18389_cov_10.324705 gc=4; orig.   2533 to   2613 ; TGTGGCGTGTTA...TATAAAGTATAG
     1  CGVLKITNARKTNSFPTFISYKGYKV*
    26

>NODE_800_length_18389_cov_10.324705 gc=4; orig.   2546 to   2662 ; AGATTACTAATG...TACGGGAAATAG
     1  RLLMPERLILSQPLLVIKVIKYSIIYRKFYIIRFVYGK*
    38

>NODE_800_length_18389_cov_10.324705 gc=4; orig.   2626 to   2928 ; AAAATTTTATAT...ATAGTAGAGTGA
     1  KILYNKICLREIDQLVDYLLWEQKAVGSSPIFLSKNKEMLSIIFILLLFGTLHVIFIPRE
    61  NQTQLKLTALQWSLATLTATIVLWVTFDGEGQFQGLKIVE*
   100

>NODE_800_length_18389_cov_10.324705 gc=4; orig.   2643 to   2729 ; GATTTGTTTACG...TTTCCTGAGTAA
     1  DLFTGNRSIGRLSALGAEGCGFKSHFPE*
    28

>NODE_800_length_18389_cov_10.324705 gc=4; orig.   2736 to   2801 ; GGAGATGTTAAG...ATTTATTCCTAG
     1  GDVKYNFYFAFIWYTSCDIYS*
    21

>NODE_800_length_18389_cov_10.324705 gc=4; orig.   2802 to   2888 ; GGAAAATCAGAC...GGTAACATTTGA
     1  GKSDTIKTYSLAVVISHSNSNNCIMGNI*
    28

>NODE_800_length_18389_cov_10.324705 gc=4; orig.   2889 to   2957 ; TGGAGAGGGCCA...AATATGGTCTAG
     1  WRGPISGVKNSRVNPYYCGNMV*
    22

>NODE_800_length_18389_cov_10.324705 gc=4; orig.   2929 to   3201 ; ATCCCTACTATT...ATAGGAGTATGA
     1  IPTIVGIWSSGTVVFAVDGISVFFLILTAILIPICILISWNSIKFLLKEFLLCLLVLEIL
    61  LMGVFLILDLLLFYILFEGILIPMFLIIGV*
    90

>NODE_800_length_18389_cov_10.324705 gc=4; orig.   2958 to   3059 ; TGGGACAGTTGT...GAATTCTATTAA
     1  WDSCFCGRWNICFFFNFNGHINTNMYINKLEFY*
    33

>NODE_800_length_18389_cov_10.324705 gc=4; orig.   3060 to   3161 ; ATTTCTTTTAAA...TATATTGTTTGA
     1  ISFKGIFVVFIGFRNLINGSVFNIRLVIILYIV*
    33

>NODE_800_length_18389_cov_10.324705 gc=4; orig.   3162 to   3299 ; AGGGATTTTAAT...TATGTTATATAG
     1  RDFNSYVFNYRSMRFKRRKSFSFLLFFLLYFNWFSIDVIRHIYVI*
    45

>NODE_800_length_18389_cov_10.324705 gc=4; orig.   3202 to   3366 ; GGTTCAAGAGAA...CTTCAAAAATGA
     1  GSREEKVLASYYFFFYTLIGSVLMLLGIFMLYSNTGTTDYQTLCGLKLNGDLQK*
    54

>NODE_800_length_18389_cov_10.324705 gc=4; orig.   3318 to   3389 ; TTATCAAACCTT...ATTTTTTGTTAG
     1  LSNLVWAKTQWGPSKMSFYGIFC*
    23

>NODE_800_length_18389_cov_10.324705 gc=4; orig.   3367 to   4215 ; GTTTTTATGGGA...TGGGTAGTTTAG
     1  VFMGFFVSLAIKIPKIPFHIWLPLAHVEAPVAGSVMLAGVLLKLGGYGFIRFSWPLFPLA
    61  SEYFAPLIQTLSLFAIIYASLTTCRQIDFKRIIAYSSVAHMGLVTLGIFTHTIQGLVSAI
   121  FLMLAHGFVSSALFIIVTLLYERHHTRLVKYYRGVTITMPIFSIVMLLMILANIAIPLSC
   181  NFVGELLSLLAAFEYSFIVGGLASLGMILGAAYSLYLYNRVCFGNTSNFLFFSRDLNRRE
   241  FFALLPLVFLVYLTGVYPSVLIDTIKSSVIFQETHSYQLWVV*
   282

>NODE_800_length_18389_cov_10.324705 gc=4; orig.   3390 to   3518 ; TTTAGCAATAAA...TGGGTTTATTAG
     1  FSNKNPQNSLSYLVTPGSCRGPSSRIGNVGGRFIKIRGLWVY*
    42

>NODE_800_length_18389_cov_10.324705 gc=4; orig.   3519 to   3620 ; ATTTTCTTGGCC...AACTACTTGTAG
     1  IFLALISFSLRIFCPFNTNFKSVCYYLCKFNYL*
    33

>NODE_800_length_18389_cov_10.324705 gc=4; orig.   3611 to   3676 ; CTACTTGTAGAC...ATATGGGATTAG
     1  LLVDKLILKELLLILQWHIWD*
    21

>NODE_800_length_18389_cov_10.324705 gc=4; orig.   3636 to   3755 ; AAGAATTATTGC...CGGGTTTGTTAG
     1  KNYCLFFSGTYGISDFGDIYSHNSRACFGYFFNVGSRVC*
    39

>NODE_800_length_18389_cov_10.324705 gc=4; orig.   3756 to   3908 ; TTCGGCTTTATT...TTTGAGTTGTAA
     1  FGFIYNCNSFIRTPPYSISKILSWGNNNYANFFYCHVINDFSQYCDSFEL*
    50

>NODE_800_length_18389_cov_10.324705 gc=4; orig.   3954 to   4022 ; TTTTATTGTGGG...TTATTTGTATAA
     1  FYCGGIGLFGNDFRSRIFSLFV*
    22

>NODE_800_length_18389_cov_10.324705 gc=4; orig.   3995 to   4075 ; GAGCCGCATATT...CTAGGGATTTAA
     1  EPHILFICIIECVLEILLIFFSFLGI*
    26

>NODE_800_length_18389_cov_10.324705 gc=4; orig.   4080 to   4154 ; ACGAGAATTTTT...TGTATTAATTGA
     1  TRIFCVITFSFFSLFNRCLSFCIN*
    24

>NODE_800_length_18389_cov_10.324705 gc=4; orig.   4155 to   4229 ; TACAATAAAAAG...GGGGGGAAATGA
     1  YNKKFCHIPRNPFLSVVGSLVGGK*
    24

>NODE_800_length_18389_cov_10.324705 gc=4; orig.   4211 to   4711 ; TTTAGTAGGGGG...TTAGATTTTTGA
     1  FSRGEMSIQDTESFINSYCLVIMTFSWKFLTYRVCKEMKELFYAITLAVLVSGIMVISAL
    61  NPIHSVFWLIAVFLGASALFILLNIDFIALIFLIVYVGAIAILFLFVIMMLNLTDLEGVG
   121  DMSNYIPIGSVMGVFLLFEIFIIGREAIVYSNGETDYANLTDVLDF*
   166

>NODE_800_length_18389_cov_10.324705 gc=4; orig.   4318 to   4392 ; AGAAATGAAGGA...TTCCGCTCTTAA
     1  RNEGTFLCNHISCLSVRNNGYFRS*
    24

>NODE_800_length_18389_cov_10.324705 gc=4; orig.   4393 to   4554 ; CCCGATTCACTC...AAATTTAACTGA
     1  PDSLSFLVNRGFFGSFSPFYIIKYRLYRFNIFNSICWSDCNLIFVCNYDVKFN*
    53

>NODE_800_length_18389_cov_10.324705 gc=4; orig.   4582 to   4662 ; TTATATTCCTAT...AATTGTTTATAG
     1  LYSYRFGYGCFFTIRNFYNWKRGNCL*
    26

>NODE_800_length_18389_cov_10.324705 gc=4; orig.   4712 to   4915 ; GATGTGTCTATT...TTACTACAATAA
     1  DVSIEIIKFSNLEALGRILYTDYFYSFILASFILLVAMIGAIVLTHELGVELKRQDLFIQ
    61  TSRNLLQ*
    67

>NODE_800_length_18389_cov_10.324705 gc=4; orig.   4869 to   4934 ; AAAGACAGGACC...GAGGGATGGTAA
     1  KDRTFLFKLAVTYYNNFVEGW*
    21

>NODE_800_length_18389_cov_10.324705 gc=4; orig.   4903 to   4971 ; CTTACTACAATA...GAGTTTAATTGA
     1  LTTIILLRDGNVNLTRRGKEFN*
    22

>NODE_800_length_18389_cov_10.324705 gc=4; orig.   4997 to   5059 ; CGGAGGAAATTA...CTCATGGGTTAA
     1  RRKLTLWGIDILFNYVNLMG*
    20

>NODE_800_length_18389_cov_10.324705 gc=4; orig.   5010 to   5186 ; CTCTTTGGGGAA...ACAACCAGATAG
     1  LFGELIFCLIMLISWVNEKYDKSSNSRIFCNFYNVVRKHRPFYYYFRWFLYSRSETTR*
    58

>NODE_800_length_18389_cov_10.324705 gc=4; orig.   5047 to   5319 ; TCTCATGGGTTA...ATTTTTCCTTGA
     1  SHGLMKNMIRAQIVEFFVIFIMLCVSIGLSIIISGGSYTLGAKQPDSEKVSVYECGFDPF
    61  ESSRIPFSVRFFLIGILFMIFDLEISFIFP*
    90

>NODE_800_length_18389_cov_10.324705 gc=4; orig.   5168 to   5266 ; GAGCGAAACAAC...GTTTTTTCTTGA
     1  ERNNQIVKKFLFMSVGLTPLSPLEFLFLYVFS*
    32

>NODE_800_length_18389_cov_10.324705 gc=4; orig.   5292 to   5405 ; TTTAGAGATTTC...CTTAGTTTATGA
     1  FRDFFYFSLKCGFKSNHFIRLLNHDSFFNYFNSWLSL*
    37

>NODE_800_length_18389_cov_10.324705 gc=4; orig.   5359 to   5436 ; ACCATGATAGTT...GAGTGGGAATAA
     1  TMIVFLIILTLGLVYEWVKGGLEWE*
    25

>NODE_800_length_18389_cov_10.324705 gc=4; orig.   5406 to   5468 ; ATGGGTGAAGGG...ATACTCTTTTGA
     1  MGEGGLRVGIIYYKNLKILF*
    20

>NODE_800_length_18389_cov_10.324705 gc=4; orig.   5473 to   6015 ; TCTAAGAAGGAG...AGTTGGGTTTGA
     1  SKKEMVGIIIKTLAIIVPLLISIAYFTLAERKVLGYIQSRKGPNVVGAYGLLQPLADGVK
    61  LFTKEMVIPNHANIFIYFMAPIFSLMLAFIAWAVIPYGRGIVLSDLNVGILYLFAVSSIS
   121  VYAILMSGWSSNSKYAFLGAIRAAAQMISYEVSIGLIIISVVLCVGSLNVTDIVMAQSWV
   181  *
   180

>NODE_800_length_18389_cov_10.324705 gc=4; orig.   5478 to   5561 ; GAAGGAGATGGT...TACTTTAGCTGA
     1  EGDGWNNNKNIGYYSAVTYFNCLFYFS*
    27

>NODE_800_length_18389_cov_10.324705 gc=4; orig.   5604 to   5690 ; TGTGGTAGGGGC...CAATCATGCTAA
     1  CGRGIWIIAAFSRRGETIYKGNGNSQSC*
    28

>NODE_800_length_18389_cov_10.324705 gc=4; orig.   5691 to   5786 ; TATTTTTATATA...AGTTTTAAGTGA
     1  YFYIFYGPHFFVNVGFYRLGSNSLRAGNSFK*
    31

>NODE_800_length_18389_cov_10.324705 gc=4; orig.   5925 to   6077 ; AGTGTCTATCGG...AGCCGAAACTAA
     1  SVYRVNNNLCGSMCGFFKCNRYCYGSELGLICLSYVSCCHHVFCFGVSRN*
    50

>NODE_800_length_18389_cov_10.324705 gc=4; orig.   5984 to   6067 ; CAGATATTGTTA...TTTCGGCGTTAG
     1  QILLWLRVGFDLSFLCFLLPSCFLFRR*
    27

>NODE_800_length_18389_cov_10.324705 gc=4; orig.   6016 to   6261 ; TTTGTCTTTCCT...GAATTGTTATGA
     1  FVFPMFPAAIMFFVSALAETNRVPFDLTEGESELVSGFNVEYSSMSFALFFLAEYGHIML
    61  MSAMITIFFLGGWKVPIIELL*
    81

>NODE_800_length_18389_cov_10.324705 gc=4; orig.   6119 to   6196 ; TCTCTGGGTTTA...ATATTATGTTAA
     1  SLGLMSNILQCPLHFFFWLNMVILC*
    25

>NODE_800_length_18389_cov_10.324705 gc=4; orig.   6177 to   6353 ; ATATGGTCATAT...AGTAAGATATGA
     1  IWSYYVNECNDNYFFSRGLESAHYRIVMKGECFIFWSKDYFDRFYVYLDKGVSTKSKI*
    58

>NODE_800_length_18389_cov_10.324705 gc=4; orig.   6262 to   6375 ; AAGGGGAATGTT...ATCCTACTTTGA
     1  KGNVLFFGVKTILIVFMFIWIRASLPRVRYDQLMILL*
    37

>NODE_800_length_18389_cov_10.324705 gc=4; orig.   6376 to   6465 ; AAATCTTATTTA...TTTGGGGGGTAA
     1  KSYLPLSLGFVVLVSSILIGLNGLPPFGG*
    29

>NODE_800_length_18389_cov_10.324705 gc=4; orig.   6396 to   6470 ; TCTTGGGTTTGT...GGGGTAAATTAA
     1  SWVCCISFKYFDWFKWIASFWGVN*
    24

>NODE_800_length_18389_cov_10.324705 gc=4; orig.   6440 to   6514 ; ATGGATTGCCTC...TTTGTTTTTTAA
     1  MDCLLLGGKLIGNFSVLSFNTFVF*
    24

>NODE_800_length_18389_cov_10.324705 gc=4; orig.   6499 to   6750 ; CACTTTTGTTTT...TTCGGACTTTAA
     1  HFCFLSQKMSELSAKFIGAGAATVGAAGSGAGIGTVFGSLIIGYARNPSLKQQLFTYAIF
    61  GFALSEAMGLFCLMMAFLILFGL*
    83

>NODE_800_length_18389_cov_10.324705 gc=4; orig.   6543 to   6767 ; ATTTATAGGAGC...AAAGAGGTCTGA
     1  IYRSGGCYCWGGWKWCWNRYCFWKPYYRLCQKSFIKTTIIYLCYLWICSFRSYGFILFDD
    61  GIFNFIRTLILKEV*
    74

>NODE_800_length_18389_cov_10.324705 gc=4; orig.   6650 to   6718 ; AACAACAATTAT...TATTTTGTTTGA
     1  NNNYLLMLSLDLLFQKLWVYFV*
    22

>NODE_800_length_18389_cov_10.324705 gc=4; orig.   6757 to   6822 ; AAGAGGTCTGAT...TTATCTCAATAA
     1  KRSDFRPERKIRCITNILLSQ*
    21

>NODE_800_length_18389_cov_10.324705 gc=4; orig.   6774 to   7094 ; GCCGGAAAGGAA...AGGGGTGGATAA
     1  AGKENKMYNEYFVISIILFILAVLGIILNRSNVIIMLMSIELMLLAMSFLFLINSEALDN
    61  LIGEVFTIMVLTVAAGEIAIGLAILVAYYRIKGTIAIKSLNLLRGG*
   106

>NODE_800_length_18389_cov_10.324705 gc=4; orig.   6800 to   6862 ; CGAATATTTTGT...TATTTTAAATAG
     1  RIFCYLNNIIYFGSIGHYFK*
    20

>NODE_800_length_18389_cov_10.324705 gc=4; orig.   6869 to   6934 ; CGTAATAATAAT...GTTTTTAATTAA
     1  RNNNVNVYRANVVSNVLFVFN*
    21

>NODE_800_length_18389_cov_10.324705 gc=4; orig.   7116 to   7238 ; AGTAAAGAGAAA...GAAAAGGATTAA
     1  SKEKMVCLTLNINCCPLKDLINYCINGESKLKEFINGEKD*
    40

>NODE_800_length_18389_cov_10.324705 gc=4; orig.   7211 to   7285 ; AGAATTTATAAA...ACTTATAGGTAA
     1  RIYKWRKGLKLYNWCFIPRLVTYR*
    24

>NODE_800_length_18389_cov_10.324705 gc=4; orig.   7286 to   7414 ; AGTGTGTTGCT!...AGGGTAGACTAA
     1  SVLLITTKKLVRFQSSLKLGESGLNFFRTKLLKEVHLYCRVD*
    42

>NODE_800_length_18389_cov_10.324705 gc=4; orig.   7405 to   7509 ; GGTAGACTAAAG...CGGAGTGGTTAG
     1  GRLKEGHQAHHLVVWVQFPPLLFIGCMRDIIRSG*
    34

>NODE_800_length_18389_cov_10.324705 gc=4; orig.   7410 to   7631 ; ACTAAAGGAAGG...CTTTTATTTTGA
     1  TKGRSSGSSSGSVGSIPAPAFYRVYEGYYSEWLASIAILILIVYGVYQPTLKTAIIVLFL
    61  TGFLIFFNSQLLF*
    73

>NODE_800_length_18389_cov_10.324705 gc=4; orig.   7487 to   7612 ; GGGATATTATTC...AATTTTTTTTAA
     1  GILFGVVSEYRNINLNCLWCVSTYIKNSNNSFIFNRIFNFF*
    41

>NODE_800_length_18389_cov_10.324705 gc=4; orig.   7632 to   7844 ; GAAGGGGAGGGA...TCAATTAATTGA
     1  EGEGFDLTNGFLTINSWIYIIKLIIIIGSISILLMLKNTSLISQGVTLFDFPVLILIVAL
    61  GSMFLVSSIN*
    70

>NODE_800_length_18389_cov_10.324705 gc=4; orig.   7697 to   7780 ; GTTAATTATAAT...AACTTTATTTGA
     1  VNYNNRFNFDFIDVKKYFSYKSGSNFI*
    27

>NODE_800_length_18389_cov_10.324705 gc=4; orig.   7841 to   7915 ; TTGACTTTCTAT...AAAAAGAAATAG
     1  LTFYLLSYGTTNFILIYFSRTKKK*
    24

>NODE_800_length_18389_cov_10.324705 gc=4; orig.   7845 to   8738 ; CTTTCTATTTAC...TCTTTAATTTGA
     1  LSIYLAMELQTLSLFILVALKRNSAYGAEAGLKYFVLGALSSGLFLFGCALLYGLIGEIS
    61  LQAGERICALTLDGETGKILIIISLLFKLSAAPFHMWAPDVYEGAPTITTALLVIVPKVV
   121  IFAILVQIASVVNVLVASTILSLVFGAIGALNQTKIKRLLAYSGIGHMGFVLFGVAIGSF
   181  ESIQASLIYMIIYVIMSICLFSLILSLKLRKSLIIEFSGISRVHPTLAISLALTLLSIAG
   241  IPPLAGFFSKWLILLYGITSHYYLISIIAVVCSVIAGVYYVRIVKIIYFQVGSSSLI*
   297

>NODE_800_length_18389_cov_10.324705 gc=4; orig.   7943 to   8017 ; ATATTTTGTCTT...GTTAATAGGTGA
     1  IFCLRGFIIWLIFIWLRITLWVNR*
    24

>NODE_800_length_18389_cov_10.324705 gc=4; orig.   8092 to   8187 ; TCTCATTACTAT...CGTTATTGGTAA
     1  SHYYLNYPPLLSICGRQMYMRGLPPLLLRYW*
    31

>NODE_800_length_18389_cov_10.324705 gc=4; orig.   8243 to   8308 ; TGTTTTGGTAGC...GAATCAAACTAA
     1  CFGSKYHIIFGIWGHWCSESN*
    21

>NODE_800_length_18389_cov_10.324705 gc=4; orig.   8387 to   8491 ; AAGTATACAAGC...ACTCATCATTGA
     1  KYTSKFNIYDYLCYNVYMSFFFNPFIKIKKITHH*
    34

>NODE_800_length_18389_cov_10.324705 gc=4; orig.   8473 to   8538 ; GAAAATCACTCA...CCATCTCTTTAG
     1  ENHSSLSLVGFQGCTQLWPSL*
    21

>NODE_800_length_18389_cov_10.324705 gc=4; orig.   8498 to   8590 ; TGGGATTTCAAG...TGGATTTTTTAG
     1  WDFKGAPNFGHLFSIDFIIHSRDSSFSWIF*
    30

>NODE_800_length_18389_cov_10.324705 gc=4; orig.   8594 to   8758 ; GTGGTTAATACT...TCTTACAGATGA
     1  VVNTIIWHNISLLFDFNNCSGVFCYSWSVLCKNSKNNLFSSRVIIFNLTICSYR*
    54

>NODE_800_length_18389_cov_10.324705 gc=4; orig.   8739 to   8906 ; CAATATGTTCTT...TTCCTTCAATAA
     1  QYVLTDEKIESLSKFILIGFSLFIILFFLVSPNFIMLISHNATMGLIKNLGFFLQ*
    55

>NODE_800_length_18389_cov_10.324705 gc=4; orig.   8861 to   9061 ; TGCTACTATGGG...GTTGATATTTAA
     1  CYYGSYKKFGIFPSIITTENVYFNRIFAFVKCNNIGGIWKKFRREGCWCIYFYLYGNLLG
    61  YLNVDI*
    66

>NODE_800_length_18389_cov_10.324705 gc=4; orig.   8952 to   9338 ; AGTGCAATAATA...TTTATTGGTTGA
     1  SAIISGGFGRNLGEKGAGVFTSTCMVICWVISMLIFNETNLNTSILYLKLGKWFDSELLT
    61  TNFGFQFDVLTGIMLIVITSISALVHIYSTGYMSGDPHIPRFMCYLSLFTFFMILLVTSD
   121  NYVQLFIG*
   128

>NODE_800_length_18389_cov_10.324705 gc=4; orig.   9191 to   9253 ; TATTTCTGCTTT...TCACATTCCTAG
     1  YFCFSTYLFNRLYVWRSSHS*
    20

>NODE_800_length_18389_cov_10.324705 gc=4; orig.   9205 to   9291 ; TACATATTTATT...CTTTTTTTATGA
     1  YIFIQQVICLEILTFLGLCVIYLFLLFL*
    28

>NODE_800_length_18389_cov_10.324705 gc=4; orig.   9304 to   9369 ; CGAGTGATAATT...CTTACTTATTAA
     1  RVIIMFNYLLVEKAWVYALTY*
    21

>NODE_800_length_18389_cov_10.324705 gc=4; orig.   9314 to   9394 ; TTATGTTCAATT...CATAAGAATTAA
     1  LCSIIYWLRRRGFMLLLINKFLVHKN*
    26

>NODE_800_length_18389_cov_10.324705 gc=4; orig.   9339 to   9617 ; GAAGGCGTGGGT...TTACATACTTGA
     1  EGVGLCSYLLINFWFIRIKANKAAIKAMLVNRVGDIGLVLAMFVIFKEFGSLEFSTVFSV
    61  MNEVSHSNNMTFICILLFIGAVGKSAQLGLHT*
    92

>NODE_800_length_18389_cov_10.324705 gc=4; orig.   9545 to   9724 ; TATGACTTTTAT...CCCTCTTTTTGA
     1  YDFYMHIAFYRGSRQIGPIRVTYLIARRYGGSNTCLGVNTCGNNGYSGGLFNYSIRPSF*
    59

>NODE_800_length_18389_cov_10.324705 gc=4; orig.   9618 to  10271 ; TTGCCCGACGCT...GAATCTTCTTGA
     1  LPDAMEGPTPVSALIHAATMVTAGVFLIIRSGPLFENSPLALIIVTVLGALTAFFAATVG
    61  LVQNDLKKVVAYSTCSQLGYMVMVCGLSNYSTSLFHLMNHAYFKALLFLSAGSVIHALAD
   121  EQDMRKMGGLIKFLPFTYIMIFIGSLSLMGFPYLAGFYSKDLILELAYDRYYLTLAHWLG
   181  VFSALLTAYYSIRLIYLTFISNSNTKREVLMKAHESS*
   217

>NODE_800_length_18389_cov_10.324705 gc=4; orig.   9725 to   9811 ; AAATTCACCCTT...AGTTCAAAATGA
     1  KFTLGSYNRNSIRCFNSFFCCNGRVSSK*
    28

>NODE_800_length_18389_cov_10.324705 gc=4; orig.   9812 to   9883 ; TTTAAAAAAGGT...TGGTTTATCTAA
     1  FKKGCCLLNMQPIGLYGYGLWFI*
    23

>NODE_800_length_18389_cov_10.324705 gc=4; orig.   9817 to   9909 ; AAAAGGTTGTTG...TATTCCATTTAA
     1  KRLLLTQHAANWVIWLWFVVYLTILRVYSI*
    30

>NODE_800_length_18389_cov_10.324705 gc=4; orig.  10013 to  10096 ; ATTTCTCCCATT...GTTTTATTCTAA
     1  ISPIHLYYDLYRFFIFNGIPLFSWVLF*
    27

>NODE_800_length_18389_cov_10.324705 gc=4; orig.  10127 to  10222 ; ATATTATTTAAC...TTTTATTTCTAA
     1  ILFNFGSLVGSIFCLINCVLFNKIDLFNFYF*
    31

>NODE_800_length_18389_cov_10.324705 gc=4; orig.  10262 to  10333 ; ATCTTCTTGAAA...GTATTTAGCTAA
     1  IFLKYNCPFGCISFGKYFCRVFS*
    23

>NODE_800_length_18389_cov_10.324705 gc=4; orig.  10272 to  10541 ; AATATAACTGTC...AATTCTGCTTGA
     1  NITVPLGALALGSIFVGYLAKEVVIGSVSPPVVPTIIKLIPTIFSLLGAILAFIGYNTFK
    61  TYRIFLPQINRGTVPNYVGPVVYSFLNSA*
    89

>NODE_800_length_18389_cov_10.324705 gc=4; orig.  10542 to  10778 ; CAGTTTAATTTT...AACAATTTCTAA
     1  QFNFIINHFLVSKMLKFGYLVSYRILDRGFFEILGPMGVSKWILRVGQEISNLQSGKVYN
    61  YTLVMIIFVVLFILVNNF*
    78

>NODE_800_length_18389_cov_10.324705 gc=4; orig.  10588 to  10731 ; AATTTGGTTATT...ACTATACGCTAG
     1  NLVIWFLIVFWIGDSLKFLDQWVFLNGYYEWDKKLVIYSQERYITIR*
    47

>NODE_800_length_18389_cov_10.324705 gc=4; orig.  10721 to  10825 ; CTATACGCTAGT...GCAGACGCGTAA
     1  LYASYDNLCGAVYFGKQFLSKRYKFFICPQVADA*
    34

>NODE_800_length_18389_cov_10.324705 gc=4; orig.  10779 to  10916 ; GTAAAAGATATA...TTTTTAAGTTAG
     1  VKDINSLSAPKWQTRKPRCLPPGSLFYLLGVSLGKIGNGKKGFLS*
    45

>NODE_800_length_18389_cov_10.324705 gc=4; orig.  10792 to  10911 ; ATTCTTTATCTG...AAGGATTTTTAA
     1  ILYLPPSGRRVNPGVCHLGRYSTYWGLVWGRLAMEKKDF*
    39

>NODE_800_length_18389_cov_10.324705 gc=4; orig.  10981 to  11205 ; ATTTTTTCTACA...TTTGGGAATTGA
     1  IFSTNHKDIGTLYLLFGAFSGMIGTSFSMLIRLELSSPGSMLGDDQLYNVIVTAHAFVMI
    61  FFLVMPVMIGGFGN*
    74

>NODE_800_length_18389_cov_10.324705 gc=4; orig.  11001 to  11063 ; AGACATAGGGAC...AACGTCATTTAG
     1  RHRDIIFIVWSVLWYDRNVI*
    20

>NODE_800_length_18389_cov_10.324705 gc=4; orig.  11127 to  11234 ; TGTGATCGTTAC...TGGGGCGCCTGA
     1  CDRYSSCFCDDFFFSYASYDWGVWELIPSIIYWGA*
    35

>NODE_800_length_18389_cov_10.324705 gc=4; orig.  11186 to  11254 ; TTGGGGGGTTTG...TTCCTCGATTGA
     1  LGGLGIDSFHYILGRLIWHFLD*
    22

>NODE_800_length_18389_cov_10.324705 gc=4; orig.  11206 to  11271 ; TTCCTTCCATTA...ATAAGTTTTTGA
     1  FLPLYIGAPDMAFPRLNNISF*
    21

>NODE_800_length_18389_cov_10.324705 gc=4; orig.  11259 to  11363 ; TATAAGTTTTTG...TCCTTTAGCTAG
     1  YKFLTFTSCLNFIIGLIIHRTRGWDWMNRLSSFS*
    34

>NODE_800_length_18389_cov_10.324705 gc=4; orig.  11272 to  11340 ; CTTTTACCTCCT...GGGACTGGATGA
     1  LLPPALILLLGSSFIEQGAGTG*
    22

>NODE_800_length_18389_cov_10.324705 gc=4; orig.  11341 to  11520 ; ACCGTTTATCCT...TTATTTGTTTGA
     1  TVYPPLASIQAHSGGSVDMAIFSLHLAGASSILGAINFITTIFNMRAPGITMDRLPLFV*
    59

>NODE_800_length_18389_cov_10.324705 gc=4; orig.  11409 to  11471 ; TTTACATTTAGC...TACTATATTTAA
     1  FTFSRGFFYSWSNKFYYYYI*
    20

>NODE_800_length_18389_cov_10.324705 gc=4; orig.  11472 to  11600 ; TATGAGGGCACC...ATTGACGGATAG
     1  YEGTRNNYGQTTIICLIHTYYCCFIIIGLTCVSRSNNNVIDG*
    42

>NODE_800_length_18389_cov_10.324705 gc=4; orig.  11492 to  11569 ; CTATGGACAGAC...TACCTGTGTTAG
     1  LWTDYHYLFDPYLLLLFYYYWPYLC*
    25

>NODE_800_length_18389_cov_10.324705 gc=4; orig.  11521 to  11826 ; TCCATACTTATT...TTTATAGTTTGA
     1  SILITVVLLLLALPVLAGAITMLLTDRNFNTTFFDPAGGGDPVLFQHLFWFFGHPEVYIL
    61  ILPGFGMVSQIVPTFAAKKQIFGYLGMVYAMLSIGILGFIV*
   101

>NODE_800_length_18389_cov_10.324705 gc=4; orig.  11594 to  11701 ; CGGATAGAAATT...TTTATATATTAA
     1  RIEILIQLFLILLEGEILFYSNIYSGFLDIQKFIY*
    35

>NODE_800_length_18389_cov_10.324705 gc=4; orig.  11625 to  11753 ; TCCTGCTGGAGG...ATTTGCGGCTAA
     1  SCWRGRSCFIPTSILVFWTSRSLYINITWVWNGISNCSNICG*
    42

>NODE_800_length_18389_cov_10.324705 gc=4; orig.  11702 to  11776 ; TATTACCTGGGT...TTGGGTATTTAG
     1  YYLGLEWYLKLFQHLRLKNKYLGI*
    24

>NODE_800_length_18389_cov_10.324705 gc=4; orig.  11754 to  11867 ; AAAACAAATATT...TGTCGATACTAG
     1  KTNIWVFRNGLCYVINWYIRLYSLSAPHVYSRYGCRY*
    37

>NODE_800_length_18389_cov_10.324705 gc=4; orig.  11822 to  11893 ; TTTGAGCGCACC...CGGCTACTATGA
     1  FERTTCLQSVWMSILEPISQRLL*
    23

>NODE_800_length_18389_cov_10.324705 gc=4; orig.  11827 to  11931 ; GCGCACCACATG...ATATTTAGTTGA
     1  AHHMFTVGMDVDTRAYFTAATMIIAVPTGIKIFS*
    34

>NODE_800_length_18389_cov_10.324705 gc=4; orig.  11897 to  11959 ; TTGCCGTACCAA...GTGGTTCTTTAA
     1  LPYQLGLKYLVDWPLFMVVL*
    20

>NODE_800_length_18389_cov_10.324705 gc=4; orig.  11928 to  12041 ; TTGATTGGCCAC...AGTAATGGCTAA
     1  LIGHYLWWFFKIGYPHALSSGIYIFIHYRRFNRCSNG*
    37

>NODE_800_length_18389_cov_10.324705 gc=4; orig.  11983 to  12150 ; GCTCTGGGATTT...TTTTATTATTGA
     1  ALGFIFLFTIGGLTGVVMANSSLDIVLHDTYYIVAHFHYVLSMGAVFAIFGGFYY*
    55

>NODE_800_length_18389_cov_10.324705 gc=4; orig.  12059 to  12211 ; TATTACATGACA...ATTTTTGATTGA
     1  YYMTPIILWLIFIMFYLWERFLLYLEGFIIDLGKYQDIAIMRYMGKFIFD*
    50

>NODE_800_length_18389_cov_10.324705 gc=4; orig.  12069 to  12179 ; CACCTATTATAT...ATATTGCTATAA
     1  HLLYCGSFSLCFIYGSGFCYIWRVLLLIWENIRILL*
    36

>NODE_800_length_18389_cov_10.324705 gc=4; orig.  12183 to  12275 ; GATATATGGGAA...TGGATTACCTAG
     1  DIWENSFLIDVYRGKFNFLPTTFLRFGWIT*
    30

>NODE_800_length_18389_cov_10.324705 gc=4; orig.  12208 to  12312 ; TTGATGTTTATA...TATGCGGGATGA
     1  LMFIGVNLTFFPQHFLGLAGLPRRYSDYPDSYAG*
    34

>NODE_800_length_18389_cov_10.324705 gc=4; orig.  12257 to  12322 ; GTTTGGCTGGAT...GAAACCTTATAA
     1  VWLDYLDVIQTIQIVMRDETL*
    21

>NODE_800_length_18389_cov_10.324705 gc=4; orig.  12300 to  12383 ; TTATGCGGGATG...TATAGTATATGA
     1  LCGMKPYKFFGFNYFYSWCNLIYIYSI*
    27

>NODE_800_length_18389_cov_10.324705 gc=4; orig.  12364 to  12522 ; TTTATATATATA...GATAAAAATTAA
     1  FIYIVYEAYANKIKFIGWTGSDSASSLEWVHLSPPVWHTYELLPLVIKRDKN*
    52

>NODE_800_length_18389_cov_10.324705 gc=4; orig.  12429 to  12515 ; CTCCGCTTCCTC...AAAAAGAGATAA
     1  LRFLIRVGSSFSPCLAHIRTLTPCYKKR*
    28

>NODE_800_length_18389_cov_10.324705 gc=4; orig.  12516 to  12587 ; AAATTAAAAGAA...TGCAACAATTGA
     1  KLKEKNSKYICKFFRLESSFCNN*
    23

>NODE_800_length_18389_cov_10.324705 gc=4; orig.  12565 to  12657 ; AATCTAGTTTTT...CTAAACGAATAA
     1  NLVFATIDLYEDYVMRGVAYMEEPVGFLNE*
    30

>NODE_800_length_18389_cov_10.324705 gc=4; orig.  12588 to  12671 ; TCTTTACGAAGA...AACTTTTATTAA
     1  SLRRLCYERCCLYGGTGRVPKRINNFY*
    27

>NODE_800_length_18389_cov_10.324705 gc=4; orig.  12703 to  12822 ; TATTCTAGTGGG...TTACAAACATAA
     1  YSSGPAFPLQSPLGVSLMGKTLDLGSNNTGSSPILLLQT*
    39

>NODE_800_length_18389_cov_10.324705 gc=4; orig.  12755 to  12868 ; TGGGTAAAACAT...ATCAATTGGTAA
     1  WVKHWILVPIIRVRAPYSYYKHKFYKERVLAFQTINW*
    37

>NODE_800_length_18389_cov_10.324705 gc=4; orig.  12878 to  13036 ; GTTAATGGTAAA...GGTGCAACGTAA
     1  VNGKLIAFKVINIGSSPISPDKGNYWIKMPKYEHLTGPMKIRDLVSKKMGAT*
    52

>NODE_800_length_18389_cov_10.324705 gc=4; orig.  12897 to  12983 ; CCT!TCA!AAGT...ATGAGCATTTAA
     1  PSKLSILVQVQYLLIREIIGLKCPNMSI*
    28

>NODE_800_length_18389_cov_10.324705 gc=4; orig.  13102 to  13581 ; AGTGTGAAAGAG...ATGTCCTTTTGA
     1  SVKEIYSWGLQVKSCRFKMTRAVRKENPVLSIVNEMFIDLPAPTNISYLWNFGSLLGLCL
    61  IVQMVTGIFLAMHYCPETNLAFFSVAHIVRDVNYGTLLRSIHINGTFLFFFCVYMHIGRN
   121  IYYGSYTHIMVWNVGIVILFLMMATAFVGYVLPWGQMSF*
   159

>NODE_800_length_18389_cov_10.324705 gc=4; orig.  13172 to  13240 ; GAAAAGAAAATC...CCACAAATATAA
     1  EKKIQYYQSLMRCLLIYLLPQI*
    22

>NODE_800_length_18389_cov_10.324705 gc=4; orig.  13218 to  13331 ; TTTACCTGCTCC...TTATTGCCCTGA
     1  FTCSHKYKLFVEFWFIIRVVFNCSNGDRNFFSNALLP*
    37

>NODE_800_length_18389_cov_10.324705 gc=4; orig.  13380 to  13460 ; TTATGGCACTTT...TATAGGGCGTAA
     1  LWHFIKKYTYKWYLLVFFLRLYAYRA*
    26

>NODE_800_length_18389_cov_10.324705 gc=4; orig.  13461 to  13601 ; CATATATTATGG...GGTTATTACTAA
     1  HILWELYTYNGMECGYSYTFFNDGYSFCWLCSSLGSNVLLSRNGYY*
    46

>NODE_800_length_18389_cov_10.324705 gc=4; orig.  13529 to  13627 ; TGGCTACAGCTT...TTCCTTATATAG
     1  WLQLLLVMFFLGVKCPFEPQRLLLIFYPQFLI*
    32

>NODE_800_length_18389_cov_10.324705 gc=4; orig.  13582 to  13647 ; GCCGCAACGGTT...CTTGTTGAGTGA
     1  AATVITNFLSAIPYIGSNLVE*
    21

>NODE_800_length_18389_cov_10.324705 gc=4; orig.  13654 to  14136 ; GGGGGATATAGC...ATATTTTTTTGA
     1  GGYSVSNATLNRFYSIHYLLPFLLAALALIHLLLLHTEGSHNPIGIRSDINKIPFHSFYS
    61  FKDLYGAMILIMTISFLVFFAPNLFGDPENYIQANPLVSPVHIRPEWYFLFAYGILRSIP
   121  NKLGGVVALLASIFILFLLPYLHQSYLRGISFRSLSKIFF*
   160

>NODE_800_length_18389_cov_10.324705 gc=4; orig.  13698 to  13793 ; TATTCATTATTT...AATTGGAATTAG
     1  YSLFVAFSFSCFSFNSFAIITHRRVSQSNWN*
    31

>NODE_800_length_18389_cov_10.324705 gc=4; orig.  13742 to  13804 ; TTCATTTGCTAT...GATCGGATATAA
     1  FICYYYTQKGLTIQLELDRI*
    20

>NODE_800_length_18389_cov_10.324705 gc=4; orig.  13839 to  13913 ; AGATTTATATGG...TTTGTTTGGTGA
     1  RFIWSNDFNYDNFFSCFFCPQFVW*
    24

>NODE_800_length_18389_cov_10.324705 gc=4; orig.  13871 to  13945 ; CAATTTCTTTTC...CCAATCCTTTAG
     1  QFLFLFFLPPICLVIQKIIYRPIL*
    24

>NODE_800_length_18389_cov_10.324705 gc=4; orig.  13914 to  14015 ; TCCAGAAAATTA...CTCTATTCCTAA
     1  SRKLYTGQSFSFPSAYTARVVFFICLWDITLYS*
    33

>NODE_800_length_18389_cov_10.324705 gc=4; orig.  13946 to  14032 ; TTTCCCCAGTGC...TTGGAGGGGTAG
     1  FPQCIYGQSGIFYLLMGYYALFLISLEG*
    28

>NODE_800_length_18389_cov_10.324705 gc=4; orig.  14033 to  14095 ; TGGCCCTATTGG...AAAGTTATTTAA
     1  WPYWLVFLFFFCSLICIKVI*
    20

>NODE_800_length_18389_cov_10.324705 gc=4; orig.  14049 to  14111 ; TATTTTTATTCT...CATAAGTTTTAG
     1  YFYSFFAPLFASKLFKRHKF*
    20

>NODE_800_length_18389_cov_10.324705 gc=4; orig.  14137 to  14334 ; ATTTTGGTTGCT...GTCAAATTTTAG
     1  ILVADFLILTLIGGEPVEEPYIFVGQVASVLYFALFLIILPLIGKLENGLLFNKIIITHK
    61  KNVKF*
    65

>NODE_800_length_18389_cov_10.324705 gc=4; orig.  14171 to  14248 ; TTGGAGGGGAAC...CTCTTTTTTTAA
     1  LEGNLLKSLIFLLAKSLQYYILLFF*
    25

>NODE_800_length_18389_cov_10.324705 gc=4; orig.  14190 to  14294 ; AGAGCCTTATAT...ATTATTGTTTAA
     1  RALYFCWPSRFSIIFCSFFNYPPIDRQIRKWIIV*
    34

>NODE_800_length_18389_cov_10.324705 gc=4; orig.  14335 to  14433 ; GTATTTTTGATT...AGGATCTTATAA
     1  VFLIALKRVITNLLGMNSKHRSIGKIERERIL*
    32

>NODE_800_length_18389_cov_10.324705 gc=4; orig.  14449 to  14523 ; TATACTATGAAA...AGATGCAGCTAG
     1  YTMKNFIRVSRCTRAMTIRSARCS*
    24

>NODE_800_length_18389_cov_10.324705 gc=4; orig.  14498 to  14602 ; CAATTAGGTCTG...GCAGTTATGTGA
     1  QLGLQDAASPVMEEVVFYHDKIMFILTIIIIAVM*
    34

>NODE_800_length_18389_cov_10.324705 gc=4; orig.  14560 to  14622 ; AATAATGTTTAT...ACGAGCACTTAA
     1  NNVYFNNYYYSSYVTDFTST*
    20

>NODE_800_length_18389_cov_10.324705 gc=4; orig.  14603 to  14794 ; CTGATTTTACGA...GGTCACCAATGA
     1  LILRALNNKYYYKYLTDGTLIEIVWTLIPAGILVFIAFPSLKLLYFMDEVIDPALTIKAI
    61  GHQ*
    63

>NODE_800_length_18389_cov_10.324705 gc=4; orig.  14653 to  14748 ; CGGGACATTAAT...TTTTATGGATGA
     1  RDINRNCLDFNTSGNFSIHSFSFSKIIVFYG*
    31

>NODE_800_length_18389_cov_10.324705 gc=4; orig.  14801 to  15154 ; TCTTATGAATAT...TATACTGATTGA
     1  SYEYSDYLAETLEFDSYMVPTSDLESGDLRLLEVDNRLIIPIQTQVRVLVTGADVIHSFA
    61  VPSLSVKVDAIPGRLNQTSFFINRPGIFYGQCSEICGANHSFMPIVIEAVSLDKYTD*
   117

>NODE_800_length_18389_cov_10.324705 gc=4; orig.  14845 to  15036 ; TTCTTATATGGT...GAATCAAACTAG
     1  FLYGANFRFRERGFTTFRSRQQTNHPYTNTSPSIGNWGRCDTLICCAIFICQSGRHPRTF
    61  ESN*
    63

>NODE_800_length_18389_cov_10.324705 gc=4; orig.  15027 to  15119 ; ATCAAACTAGTT...TGCCTATTGTAA
     1  IKLVFLLIDQVYFMVSVPKFVALIILLCLL*
    30

>NODE_800_length_18389_cov_10.324705 gc=4; orig.  15255 to  15329 ; GCAGTATATTTG...ACCTTTAATTAA
     1  AVYLNINCSFFFINIIINSYITFN*
    24

>NODE_800_length_18389_cov_10.324705 gc=4; orig.  15268 to  15423 ; ACATTAATTGCT...ACTCAATTATAA
     1  TLIALFFLLTLLLTVILPLIKKGSKIRLIFFPSKIERIEANAPLIRRFTQL*
    51

>NODE_800_length_18389_cov_10.324705 gc=4; orig.  15401 to  15478 ; TTAGAAGGTTCA...ATAACAATTTGA
     1  LEGSLNYKMIAAYFDQFNVVNLITI*
    25

>NODE_800_length_18389_cov_10.324705 gc=4; orig.  15479 to  15562 ; ACAGGCACCTTT...ATTCTGTTTTGA
     1  TGTFPGGYLTFSFTNSSLMMLFIIILF*
    27

>NODE_800_length_18389_cov_10.324705 gc=4; orig.  15523 to  15594 ; TTCGTCACTTAT...TGTTATTCCTAA
     1  FVTYDAIYNYSVLRRVKSKLCYS*
    23

>NODE_800_length_18389_cov_10.324705 gc=4; orig.  15563 to  16168 ; GGCGGGTTAAAA...GCATTACATTAA
     1  GGLKVNYVIPNRGQSILELINTTIQSMIKENLGVQGKHYFPFVFCLFIFIGLLNVLGLFP
    61  YVFTPTTHIIITFGLSFSIVIGVTILGVLRFKIDFMSMFMPGGVLLILAPFLVIIETISY
   121  VTRAISLGLRLAANISAGHLLFAIFSGFVFDMLTNGLIILSLFPVLVMIFITILEMAVAV
   181  IQAYVFCLLTTIYLGDTVALH*
   201

>NODE_800_length_18389_cov_10.324705 gc=4; orig.  15598 to  15837 ; GGGACAATCAAT...TTTAAGATTTAA
     1  GTINIRINKYNYTKYDKRKFGGAGQTLFSFCVLFIYFYWFIKCFGVISICFYTNNPYNNN
    61  IWSIFFDSNRCYNIRGFKI*
    79

>NODE_800_length_18389_cov_10.324705 gc=4; orig.  15648 to  15722 ; AAGAAAATTTGG...TTGGTTTATTAA
     1  KKIWGCRANIIFLLCSVYLFLLVY*
    24

>NODE_800_length_18389_cov_10.324705 gc=4; orig.  15838 to  15909 ; AATAGATTTTAT...AGTCATAATTGA
     1  NRFYEYVYARRCAFNISPLFSHN*
    23

>NODE_800_length_18389_cov_10.324705 gc=4; orig.  15951 to  16022 ; GACTGGCCGCTA...TTGATATGTTAA
     1  DWPLIYRQGIYYSLFFLGSYLIC*
    23

>NODE_800_length_18389_cov_10.324705 gc=4; orig.  16015 to  16173 ; TATGTTAACAAA...ACATTAACTTAG
     1  YVNKWTYNFKSVPSISNDIYYYFRNGCCSYSSLCILFIDYYIFGRYSCITLT*
    52

>NODE_800_length_18389_cov_10.324705 gc=4; orig.  16179 to  16256 ; AATAGATTAGTT...CCAAGTCCATGA
     1  NRLVENKAKRMSHQYHPYHLVDPSP*
    25

>NODE_800_length_18389_cov_10.324705 gc=4; orig.  16244 to  16321 ; TCCAAGTCCATG...TTTTCATTATAA
     1  SKSMTLYRGLWSLIYYCRVCNVFSL*
    25

>NODE_800_length_18389_cov_10.324705 gc=4; orig.  16257 to  16331 ; CCTTATATAGGG...AATCAAAGTTGA
     1  PYIGACGALFTTVGSVMYFHYNQS*
    24

>NODE_800_length_18389_cov_10.324705 gc=4; orig.  16322 to  16396 ; TCAAAGTTGAAT...GGATGTTATTAG
     1  SKLNIKIRTNNIIINNDSLMAGCY*
    24

>NODE_800_length_18389_cov_10.324705 gc=4; orig.  16380 to  16505 ; TGGCGGGATGTT...TCCTTTTTTTGA
     1  WRDVIRESTFQGHHTQIVKQGLKYGMILFIISEVCFFFSFF*
    41

>NODE_800_length_18389_cov_10.324705 gc=4; orig.  16397 to  16519 ; AGAATCTACTTT...CTTTTTTCATAG
     1  RIYFSRASYSDSKTRVKVWYDFVYYFRSLFFLFLFLSLFS*
    40

>NODE_800_length_18389_cov_10.324705 gc=4; orig.  16459 to  16545 ; TTTTGTTTATTA...CTATTGAAATAG
     1  FCLLFQKFVFSFPFFEPFFIVVWPLLLK*
    28

>NODE_800_length_18389_cov_10.324705 gc=4; orig.  16557 to  16646 ; CCTCCTAGAGGG...ACAGTTACTTGA
     1  PPRGVDVLNPFSVPLLNTAVLLSSGATVT*
    29

>NODE_800_length_18389_cov_10.324705 gc=4; orig.  16565 to  16654 ; AGGGGTAGATGT...TTGAGCGCATAA
     1  RGRCIKSFFCSFIKHCGFIKFRSNSYLSA*
    29

>NODE_800_length_18389_cov_10.324705 gc=4; orig.  16624 to  16698 ; GTTCAGGAGCAA...TACAAGGATTAA
     1  VQEQQLLERIMLSLVVKEKRGYKD*
    24

>NODE_800_length_18389_cov_10.324705 gc=4; orig.  16647 to  16994 ; GCGCATAATGCT...TGGGGAAGTTAA
     1  AHNAIISGKRKEGIQGLTLTVILGILFTSLQAMEYYEAPFTISDSVYGSTFFVATGFHGL
    61  HVLIGTTFLIICLGRLIVYQFTQHHHFGFEASAWYWHFVDVVWLFLYVCIYWWGS*
   115

>NODE_800_length_18389_cov_10.324705 gc=4; orig.  16673 to  16756 ; AAGAAAAGAGGG...GGAATATTATGA
     1  KKRGDTRINTNCNIRNIVYKFTSNGIL*
    27

>NODE_800_length_18389_cov_10.324705 gc=4; orig.  16717 to  16836 ; GAATATTGTTTA...TTCATGTTTTAA
     1  EYCLQVYKQWNIMRHHSQFPIQFMGQLFLWPQGFMGFMF*
    39

>NODE_800_length_18389_cov_10.324705 gc=4; orig.  16757 to  16915 ; GGCACCATTCAC...TTTTGGGTTTGA
     1  GTIHNFRFSLWVNFFCGHRVSWASCFNWNNFFNYLFREINCLSIYSTSSFWV*
    52

>NODE_800_length_18389_cov_10.324705 gc=4; orig.  16876 to  17004 ; TTGTTTATCAAT...AAAAAATTTTAA
     1  LFINLLNIIILGLKLRLGIGILLMLYGCFFTFAYIGGEVKKF*
    42

>NODE_800_length_18389_cov_10.324705 gc=4; orig.  16946 to  17008 ; TGTTGTATGGTT...AATTTTAACTAG
     1  CCMVVSLRLHILVGKLKNFN*
    20

>NODE_800_length_18389_cov_10.324705 gc=4; orig.  16995 to  17081 ; AAAATTTTAACT...CGGCACTTATAA
     1  KILTRENFRIEIELKTLILGQIEGERHL*
    28

>NODE_800_length_18389_cov_10.324705 gc=4; orig.  17021 to  17209 ; AATAGAAATAGA...TGTATTAGGTAA
     1  NRNRVKDFDFRSDRRRAALIIHASRVDKNHGEQVSKVWGESIGPVKRGKNFYCQLISLNC
    61  IR*
    62

>NODE_800_length_18389_cov_10.324705 gc=4; orig.  17128 to  17205 ; AGTTTGGGGGGA...AAATTGTATTAG
     1  SLGGVNWACKTGEKFLLSIDKPKLY*
    25

>NODE_800_length_18389_cov_10.324705 gc=4; orig.  17206 to  17298 ; GTAAAAGGTAAA...AGGCAGCAGTAG
     1  VKGKEVTLPKMHSRKATLPLKQGGDLKRQQ*
    30

>NODE_800_length_18389_cov_10.324705 gc=4; orig.  17244 to  17315 ; CCGAAAGGCCAC...ATTGTGCTATGA
     1  PKGHTSTETRGRLKKAAVENIVL*
    23

>NODE_800_length_18389_cov_10.324705 gc=4; orig.  17285 to  17407 ; AAAGGCAGCAGT...CGTAAGGTCTGA
     1  KGSSREYCAMNESLTQRCRLNRDVADCPIYVPADAVIRKV*
    40

>NODE_800_length_18389_cov_10.324705 gc=4; orig.  17299 to  17400 ; AGAATATTGTGC...GGTTATACGTAA
     1  RILCYERKFDTEMSLKQRCCRLSNIRASRRGYT*
    33

>NODE_800_length_18389_cov_10.324705 gc=4; orig.  17346 to  17441 ; ACAGAGATGTTG...AAGGGTGTGTAG
     1  TEMLQTVQYTCQQTRLYVRSESLSEIGVKGV*
    31

>NODE_800_length_18389_cov_10.324705 gc=4; orig.  17472 to  17585 ; AACTTTTATGTA...AAACAGGATTAG
     1  NFYVAVKCFKIKWKTRGEGDLLKKLSLKHESVGSKQD*
    37

>NODE_800_length_18389_cov_10.324705 gc=4; orig.  17501 to  17572 ; GATAAAATGGAA...AAGTGTAGGTAG
     1  DKMEDQRRRRFTEKIVAETRKCR*
    23

>NODE_800_length_18389_cov_10.324705 gc=4; orig.  17573 to  17737 ; CAAACAGGATTA...CGTGTTGTTTAA
     1  QTGLDTLVVYTVNYECEMGFCRKELETFRLNSTIARLKFKKFGGSLFQLEERVV*
    54

>NODE_800_length_18389_cov_10.324705 gc=4; orig.  17668 to  17874 ; TACGATCGCAAG...AAACGAGCGTAA
     1  YDRKIKIQKIWRFTIPIRGACCLIRYYAINLTKICILKIMGEPSVKMSIVTGIAWPSSAC
    61  VVKLIKRA*
    68

>NODE_800_length_18389_cov_10.324705 gc=4; orig.  17757 to  17855 ; CCTTACCAAAAT...TTGTGTTGTTAA
     1  PYQNLHFKNYGGTQCKNVYCNRYCMAVVSLCC*
    32

>NODE_800_length_18389_cov_10.324705 gc=4; orig.  17903 to  18025 ; ATTAGTTCGCGG...TTTAAAGTATAA
     1  ISSRGIILNEDDVRSLWSLCLGRLMRYNLIYKRKKLIFKV*
    40

>NODE_800_length_18389_cov_10.324705 gc=4; orig.  17928 to  18011 ; ATGAGGATGACG...GGAAAAAATTAA
     1  MRMTSGPYGPYVWGDLCATILYTRGKN*
    27

>NODE_800_length_18389_cov_10.324705 gc=4; orig.  17938 to  18018 ; CGTCAGGTCCTT...ATTAATCTTTAA
     1  RQVLMVLMFGATYALQSYIQEEKINL*
    26

>NODE_800_length_18389_cov_10.324705 gc=4; orig.  18019 to  18147 ; AGTATAAGTTCG...CGTCCCAGTTGA
     1  SISSEDSLKWLSEVGFNSNQRVERFGEYGSSVRTNRPSPRPS*
    42

>NODE_800_length_18389_cov_10.324705 gc=4; orig.  18086 to  18259 ; AGCGCTTTGGTG...TTTCAAGGTTGA
     1  SALVNMALVFVQIARHLVPVESSLSIKEGLKKIEGFFIMKLNLSFKVVFYIKGVFQG*
    57

>NODE_800_length_18389_cov_10.324705 gc=4; orig.  18148 to  18210 ; ATCTTCTTTAAG...AATGAAACTTAA
     1  IFFKYKRRVKKNRGFLYNET*
    20

>NODE_800_length_18389_cov_10.324705 gc=4; compl.  18312 to  18250 ; ATTAAGGCCTTT...TCAAGGTTGAGT
     1  KGLNPATLSSTATMLRLTQP*
    20

>NODE_800_length_18389_cov_10.324705 gc=4; compl.  18311 to  18237 ; GATTAAGGCCTT...TCAAGGGGGTTT
     1  KALILRHFPVPQLCYDLLNLEKPP*
    24

>NODE_800_length_18389_cov_10.324705 gc=4; compl.  18301 to  18173 ; AGTGTCGCAGGA...TTAAAAAAAATA
     1  SCDTFQYRNYVTTYSTLKNPLDIKNDFKRKIKFHYKETLYFF*
    42

>NODE_800_length_18389_cov_10.324705 gc=4; compl.  18231 to  18130 ; TAAAGTCGTTTT...TCACCTCGTCCC
     1  KTTLKERLSFIIKKPSIFFNPSFILKEDSTGTR*
    33

>NODE_800_length_18389_cov_10.324705 gc=4; compl.  18194 to  18075 ; TAGAGGGTTTCT...TCAAAGAGTAGA
     1  RNPLFFLTLLLYLKKIQLGRGDGRFVRTLEPYSPKRSTL*
    39

>NODE_800_length_18389_cov_10.324705 gc=4; compl.  18129 to  18049 ; ACAAATCGCCCG...TTATCTGAAGTT
     1  RAICTNTRAIFTKALYSLITIKSNFR*
    26

>NODE_800_length_18389_cov_10.324705 gc=4; compl.  18048 to  17980 ; AGTCTGAAATGG...CTACAATCTTAT
     1  PFQTIFRTYTLKINFFLLYIRL*
    22

>NODE_800_length_18389_cov_10.324705 gc=4; compl.  17979 to  17881 ; GCGACTTATGCG...TTAAAATTTATT
     1  RISRPKHKDHKDLTSSSFKIIPRELIHGINKF*
    32

>NODE_800_length_18389_cov_10.324705 gc=4; compl.  17903 to  17745 ; TAATTCCGTGAA...TTACGCGATTAA
     1  FTELINFNKGYARFINLTTQADDGHAIPVTIDIFTLGSPIIFKMQILVRLIA*
    52

>NODE_800_length_18389_cov_10.324705 gc=4; compl.  17838 to  17776 ; GCATGGCCGTCG...TTAAAAATTATG
     1  RRPCNTCYNRHFYTGFPHNF*
    20

>NODE_800_length_18389_cov_10.324705 gc=4; compl.  17733 to  17611 ; GGAGCGTGTTGT...CTATGAATGTGA
     1  TTRSSNWNSEPPNFLNFNLAIVLFRRNVSSSFRQNPISHS*
    40

>NODE_800_length_18389_cov_10.324705 gc=4; compl.  17687 to  17532 ; CAAGATTAAAAT...TTACTGAAAAAA
     1  ILILRSYYSGGMSQVLFDRTPSHIHSLQYRLPGYLILFATYTFVFQRQFFQ*
    51

>NODE_800_length_18389_cov_10.324705 gc=4; compl.  17680 to  17582 ; ACGATCGCAAGA...TTAGATACCCTG
     1  SCDRTIQAECLKFFSTEPHLTFIVYSIDYQGI*
    32

>NODE_800_length_18389_cov_10.324705 gc=4; compl.  17598 to  17497 ; TACCCTGGTAGT...TTAAGATAAAAT
     1  TTRVSNPVCYLHFRVSATIFSVNRLRLWSSILS*
    33

>NODE_800_length_18389_cov_10.324705 gc=4; compl.  17581 to  17477 ; TAGCAAACAGGA...TTATGTAGCGGT
     1  SCLLPTLSCFSDNFFSKSPSPLVFHFILKHFTAT*
    34

>NODE_800_length_18389_cov_10.324705 gc=4; compl.  17531 to  17460 ; GGCGAAGGCGAT...TCAGGTAAATAG
     1  IAFASGLPFYLKAFYRYIKVLFT*
    23

>NODE_800_length_18389_cov_10.324705 gc=4; compl.  17496 to  17281 ; CGGTAAAATGCT...TTAAAAAGGCAG
     1  SILPLHKSSIYLIKFNLAPTHPLRLFLIKTQTLRITASAGTYIGQSATSLFKRHLCVKLS
    61  FIAQYSLLLPF*
    71

>NODE_800_length_18389_cov_10.324705 gc=4; compl.  17476 to  17342 ; TAAATAGAACTT...TTAAACAGAGAT
     1  KFYLPDKIQFSAYTPFTPISDKDSDLTYNRVCWHVYWTVCNISV*
    44

>NODE_800_length_18389_cov_10.324705 gc=4; compl.  17390 to  17310 ; CAGCAGACGCGG...CTATGAACGAAA
     1  PRLLARILDSLQHLCLSDISVSNFRS*
    26

>NODE_800_length_18389_cov_10.324705 gc=4; compl.  17341 to  17222 ; CAGAGATGTCGC...TTACCTTGCCGA
     1  ATSLCQTFVHSTIFSTAAFLSLPLVSVEVWPFGYASSAR*
    39

>NODE_800_length_18389_cov_10.324705 gc=4; compl.  17309 to  17202 ; GAGAATATTGTG...TTAGGTAAAAGG
     1  HNILYCCLFKSPPCFSGSVAFRLCIFGKVTSLPFT*
    35

>NODE_800_length_18389_cov_10.324705 gc=4; compl.  17280 to  17179 ; CAAGGGGGAGAC...TCAATTGATAAG
     1  VSPLFQWKCGLSAMHLRQGNLFTFYLIQFRLIN*
    33

>NODE_800_length_18389_cov_10.324705 gc=4; compl.  17201 to  17088 ; GCCTAAATTGTA...CTAGTCGAGTGG
     1  YNLGLSIDNKNFSPVLQAQLTPPKLYSPVRRGSYPLD*
    37

>NODE_800_length_18389_cov_10.324705 gc=4; compl.  17172 to  17017 ; GGGGAAAAATTT...TTAGAATAGAAA
     1  KFFPRFTGPIDSPQTLLTCSPWFLSTRLACIISAARLLSDLKSKSLTLFLF*
    51

>NODE_800_length_18389_cov_10.324705 gc=4; compl.  17140 to  17054 ; GTTTGGGGGGAG...TCAGATAGAAGG
     1  LPPNFTHLFAVVLIHSTSMYYKCRSPSI*
    28

>NODE_800_length_18389_cov_10.324705 gc=4; compl.  17053 to  16991 ; TTTGATTTTAGG...TTAAAAAATTTT
     1  PKIKVFNSISILKFSLVKIF*
    20

>NODE_800_length_18389_cov_10.324705 gc=4; compl.  17004 to  16888 ; AAAAAATTTTAA...TTACTCAACATC
     1  LKFFNFPTNICKRKETTIQHQQNANTKPKLQTQNDDVE*
    38

>NODE_800_length_18389_cov_10.324705 gc=4; compl.  17000 to  16872 ; AGTTAAAAAATT...TTAATTGTTTAT
     1  NFLTSPPIYANVKKQPYNINKMPIPSRSFKPKMMMLSKLINN*
    42

>NODE_800_length_18389_cov_10.324705 gc=4; compl.  16963 to  16901 ; ATGGTTGTTTCT...TCATTTTGGGTT
     1  RNNHTTSTKCQYQAEASNPK*
    20

>NODE_800_length_18389_cov_10.324705 gc=4; compl.  16854 to  16765 ; CAACTTTTTTAA...TCACAATTTCCG
     1  LKKLFQLKHEAHETLWPQKKLTHKLNRKL*
    29

>NODE_800_length_18389_cov_10.324705 gc=4; compl.  16750 to  16514 ; AGCAATGGAATA...TCATAGTAGTTT
     1  YSIACKLVNNIPNITVSVNPCIPSFLLPLMIALCAQVTVAPELNKTAVFNKGTEKGFNTS
    61  TPLGGQTAPISIAGAKLL*
    78

>NODE_800_length_18389_cov_10.324705 gc=4; compl.  16725 to  16663 ; TAGGAATATTGT...TTAGTGGTAAAA
     1  TIFLILQLVLILVSPLFFYH*
    20

>NODE_800_length_18389_cov_10.324705 gc=4; compl.  16694 to  16626 ; GGGATACAAGGA...TCAGGAGCAACA
     1  SLYPLFSFTTNDSIMRSSNCCS*
    22

>NODE_800_length_18389_cov_10.324705 gc=4; compl.  16638 to  16561 ; CAGGAGCAACAG...CTAGAGGGGTAG
     1  LLLLNLIKPQCLIKEQKKDLIHLPL*
    25

>NODE_800_length_18389_cov_10.324705 gc=4; compl.  16577 to  16473 ; GGGGTAGATGTA...TCAGAAGTTTGT
     1  YIYPSRRSNCTYFNSRGQTTMKKGSKKGKEKTNF*
    34

>NODE_800_length_18389_cov_10.324705 gc=4; compl.  16533 to  16468 ; GTTTGGCCCCTG...TTATTTCAGAAG
     1  QGPNYYEKRLKKRKRKNKLLK*
    21

>NODE_800_length_18389_cov_10.324705 gc=4; compl.  16513 to  16424 ; TTGAGCCTTTTT...TCAGATAGTAAA
     1  KKAQKKEKKKQTSEIINKIIPYFNPCFTI*
    29

>NODE_800_length_18389_cov_10.324705 gc=4; compl.  16464 to  16402 ; GTATGATTTTGT...CTACTTTTCAAG
     1  TKSYHTLTLVLLSEYDALEK*
    20

>NODE_800_length_18389_cov_10.324705 gc=4; compl.  16442 to  16362 ; GTAAAACAAGGG...TTAACAATGATA
     1  PLFYYLSMMPLKSRFSNNIPPSNYHC*
    26

>NODE_800_length_18389_cov_10.324705 gc=4; compl.  16408 to  16322 ; AGAATCTACTTT...TCAAAGTTGAAT
     1  KVDSLITSRHQTIIVNNNVISPNFNIQL*
    28

>NODE_800_length_18389_cov_10.324705 gc=4; compl.  16389 to  16288 ; GATGGCGGGATG...CTACTGTAGGGT
     1  HPAIKLSLLIIMLLVLILIFNFDYNENTLQTLQ*
    33

>NODE_800_length_18389_cov_10.324705 gc=4; compl.  16284 to  16201 ; GTGGAGCCTTAT...CTAAGAGGATGT
     1  IRLHKPLYKVMDLDQLNDKDDIDVTSS*
    27

>NODE_800_length_18389_cov_10.324705 gc=4; compl.  16104 to  15919 ; TGTTGCAGTTAT...TTACGTTACTCG
     1  ITATAISKIVINIITNTGNRLKIISPFVNISNTNPEKIANNRCPADILAASLKPNEIARV
    61  T*
    61

>NODE_800_length_18389_cov_10.324705 gc=4; compl.  15918 to  15676 ; TGAAACAATTAG...TTATTTTCCTTT
     1  LIVSIMTKKGANIKSTPPGINILIKSILNLKTPNIVTPITIEKDRPNVIIIWVVGVKTYG
    61  NNPKTFNKPIKINKQNTKGK*
    80

>NODE_800_length_18389_cov_10.324705 gc=4; compl.  15701 to  15630 ; TGTTCTGTTTAT...CTATACAAAGTA
     1  INRTQKENNVCPAPPNFLLSYFV*
    23

>NODE_800_length_18389_cov_10.324705 gc=4; compl.  15697 to  15617 ; TTTGTGTTCTGT...TTAATAAATACA
     1  TEHKRKIMFALHPQIFFYHTLYSCIY*
    26

>NODE_800_length_18389_cov_10.324705 gc=4; compl.  15675 to  15580 ; GCAGGGCAAACA...TTATGTTATTCC
     1  CLPCTPKFSFIILCIVVFINSNIDCPLLGIT*
    31

>NODE_800_length_18389_cov_10.324705 gc=4; compl.  15579 to  15499 ; GTTAAAAGTAAA...CTATTTAACATT
     1  FTFNPPQNRIIINSIISDELVKLNVK*
    26

>NODE_800_length_18389_cov_10.324705 gc=4; compl.  15413 to  15219 ; TAGAAGGTTCAC...TTAAATGCCACA
     1  VNLLINGAFASILSIFEGKKINLILDPFLIKGNITVNNNVNKKKRAINVQIYCLKKVTIS
    61  NCGI*
    64

>NODE_800_length_18389_cov_10.324705 gc=4; compl.  15250 to  15176 ; TTGTAACTTTTT...TTAGCCAATAAT
     1  KKLQYLIVAFKPIFNKLIYLIIIG*
    24

>NODE_800_length_18389_cov_10.324705 gc=4; compl.  15203 to  15111 ; AGATAAATTAAT...CTATTGTAATAG
     1  INLSNYYWLIPLFVLLFNQYIYLKIPLLLQ*
    30

>NODE_800_length_18389_cov_10.324705 gc=4; compl.  15189 to  15097 ; AGCCAATAATAA...TCATTCTTTTAT
     1  LLLANSFVCASIQSVYLSKDTASITIGIKE*
    30

>NODE_800_length_18389_cov_10.324705 gc=4; compl.  15133 to  14990 ; GAAGCGGTATCT...TTATCTGTCAAA
     1  RYRFYYNRHKRMISATNFGTLTIKYTWSINKKTSLIQTSWDGVHFDR*
    47

>NODE_800_length_18389_cov_10.324705 gc=4; compl.  15027 to  14848 ; AGGACGTTTGAA...TTATATGGTGCC
     1  FKRPGMASTLTDKDGTANECITSAPVTNTRTCVCIGMISLLSTSKSRKSPLSKSEVGTI*
    59

>NODE_800_length_18389_cov_10.324705 gc=4; compl.  14996 to  14922 ; CATCTTTATCTG...CTATACAAACAC
     1  QIKMAQQMSVSHLPQLPILGLVFV*
    24

>NODE_800_length_18389_cov_10.324705 gc=4; compl.  14915 to  14778 ; ACAACAGACTAA...CTATAGGTCACC
     1  LVCCLLLKVVNPRSLNLKLAPYKNQILKFLPNNPNIHKINIIGDL*
    45

>NODE_800_length_18389_cov_10.324705 gc=4; compl.  14833 to  14765 ; TTGGCAGAAACT...TTAACTATTAAG
     1  SFCQIIRIFIRSISLVTYSLNS*
    22

>NODE_800_length_18389_cov_10.324705 gc=4; compl.  14784 to  14635 ; TAAGGCTATAGG...TTACAAGTATTT
     1  PIALIVNAGSITSSIKYNNFREGKAMNTKIPAGIKVQTISINVPSVKYL*
    49

>NODE_800_length_18389_cov_10.324705 gc=4; compl.  14705 to  14619 ; GAATTTTAGTAT...TTAATAATAAAT
     1  ILKFPLVLKSKQFLLMSRQLNTCNNIYY*
    28

>NODE_800_length_18389_cov_10.324705 gc=4; compl.  14631 to  14548 ; TAATAATAAATA...TTACCATGATAA
     1  YLLLSARKISHITAIIIIVKINIILSW*
    27

>NODE_800_length_18389_cov_10.324705 gc=4; compl.  14572 to  14501 ; ATAATGTTTATT...TTAGGTCTGCAA
     1  NKHYFIMVKHYFFHNRTSCILQT*
    23

>NODE_800_length_18389_cov_10.324705 gc=4; compl.  14547 to  14476 ; AGAAGTAGTGTT...TCAAGATGCACC
     1  NTTSSITGLAASCRPNCHGSGAS*
    23

>NODE_800_length_18389_cov_10.324705 gc=4; compl.  14519 to  14442 ; TGCAAGATGCAG...TTAATAATATAC
     1  LHLADLIVMALVHLETLIKFFIVYY*
    25

>NODE_800_length_18389_cov_10.324705 gc=4; compl.  14452 to  14366 ; TTTAATAATATA...CTAATTTGTTGG
     1  YIIKPHFIRSFLFLFYLYFCAYCSYPTN*
    28

>NODE_800_length_18389_cov_10.324705 gc=4; compl.  14441 to  14331 ; ATAAAATGAGGT...TTAGGTATTTTT
     1  TSFYKILSLSILPILLCLLFIPNKLVITLFKAIKNT*
    36

>NODE_800_length_18389_cov_10.324705 gc=4; compl.  14427 to  14350 ; AGAGAAAGGATC...TTAAAGAGGGTT
     1  DPFSFYFTYTSVLTVHTQQISDNPL*
    25

>NODE_800_length_18389_cov_10.324705 gc=4; compl.  14349 to  14284 ; TTTTTGATTGCC...TTATTGTTTAAT
     1  GNQKYLKFDIFLMSYNNFIKQ*
    21

>NODE_800_length_18389_cov_10.324705 gc=4; compl.  14309 to  14196 ; AATTATTATAAC...TTATATTTTTGT
     1  VIIILLNNNPFSNLPINGRIIKKRAKYNTEATWPTKI*
    37

>NODE_800_length_18389_cov_10.324705 gc=4; compl.  14248 to  14108 ; CTCTTTTTTTAA...TTAGATCTTTGA
     1  LKKEQNIILKRLGQQKYKALQQVPLQSKLILKNQQPKFKKIFYSKI*
    46

>NODE_800_length_18389_cov_10.324705 gc=4; compl.  14195 to  14088 ; TGTTGAAGAGCC...TTATTTAAGAGG
     1  GSSTGSPPIKVNIKKSATKIQKNILLKDLKLMPLK*
    35

>NODE_800_length_18389_cov_10.324705 gc=4; compl.  14154 to  14092 ; GTTGCTGATTTT...TTAAGAGGCATA
     1  KISNQNSKKYFTQRSKTYAS*
    20

>NODE_800_length_18389_cov_10.324705 gc=4; compl.  14072 to  13989 ; TTTTTTGCTCCC...TTATGGGATATT
     1  GSKKRIKILANRATTPPSLLGIERNIP*
    27

>NODE_800_length_18389_cov_10.324705 gc=4; compl.  14005 to  13865 ; GGATATTACGCT...TTATGACAATTT
     1  SVISHKQIKNTTLAVYALGKLKDWPVYNFLDHQTNWGQKKQEKKLS*
    46

>NODE_800_length_18389_cov_10.324705 gc=4; compl.  13988 to  13923 ; TTTTTTATTTGC...TTATATACAGGC
     1  ANKKYHSGRICTGETKGLACI*
    21

>NODE_800_length_18389_cov_10.324705 gc=4; compl.  13941 to  13861 ; CAGGCCAATCCT...TTAATTATGACA
     1  RIGLYIIFWITKQIGGKKNKKRNCHN*
    26

>NODE_800_length_18389_cov_10.324705 gc=4; compl.  13922 to  13827 ; TGATCCAGAAAA...TTATTCTTTTAA
     1  FSGSPNKLGAKKTRKEIVIIKIIAPYKSLKE*
    31

>NODE_800_length_18389_cov_10.324705 gc=4; compl.  13842 to  13756 ; TCTTTTAAAGAT...TTACACACAGAA
     1  IFKRIKRVEWDFIYIRSNSNWIVRPFCV*
    28

>NODE_800_length_18389_cov_10.324705 gc=4; compl.  13789 to  13598 ; ATCCAATTGGAA...CTAATTTTTTAT
     1  FQLDCETLLCVIIANELKLKQLKEKATNNEYYKIYLKSHWKRYIPLKFTQQDYYLYKELR
    61  IKN*
    63

>NODE_800_length_18389_cov_10.324705 gc=4; compl.  13691 to  13620 ; TTTAAATAGATT...TTATATAGGTAG
     1  NLFKVALETLYPPQIHSTRLLPI*
    23

>NODE_800_length_18389_cov_10.324705 gc=4; compl.  13680 to  13606 ; TCCAATGCGACT...TTATCCGCAATT
     1  SRIGNAISPSNSLNKITTYIRNCG*
    24

>NODE_800_length_18389_cov_10.324705 gc=4; compl.  13605 to  13522 ; ATTACTAATTTT...TTAATGATGGCT
     1  KISNNRCGSKGHLTPRKNITNKSCSHH*
    27

>NODE_800_length_18389_cov_10.324705 gc=4; compl.  13547 to  13476 ; AGCTTTTGTTGG...TTATACACATAT
     1  PTKAVAIIKKSITIPTFHTIICV*
    23

>NODE_800_length_18389_cov_10.324705 gc=4; compl.  13521 to  13393 ; GTTATACTTTTT...TTAAGAAGTATA
     1  KKYNYTHIPYHYMCITPIIYVTPYMHINAKKKQEGTIYMYTS*
    42

>NODE_800_length_18389_cov_10.324705 gc=4; compl.  13510 to  13376 ; ATGTGGGTATAG...TTAATTATGGCA
     1  LYPHSIPLYVYNSHNICYALYAYKRKKKTRRYHLYVYFLIKCHN*
    44

>NODE_800_length_18389_cov_10.324705 gc=4; compl.  13375 to  13211 ; TTGTGCGAGATG...TTATTGATTTAC
     1  HLAQCAQLRKTLDLSQGNNALLKKFRSPFEQLNTTLIMNQNSTNNLYLWEQVNQ*
    54

>NODE_800_length_18389_cov_10.324705 gc=4; compl.  13241 to  12957 ; CACAAATATAAG...TTAAAATGCCCA
     1  LIFVGAGKSINISLTIDNTGFSFLTALVILKRQDFTCNPQLYISFTLQLEKFKKHSFLSF
    61  LFYKLQRILTLHPFFYLPNLLSSWVQLNAHIWAF*
    94

>NODE_800_length_18389_cov_10.324705 gc=4; compl.  13188 to  13084 ; GAAAATCCAGTA...TTAAATTTCTCT
     1  YWIFFSYRPCHLKTAGFYLQSPAIYLFHTSAREI*
    34

>NODE_800_length_18389_cov_10.324705 gc=4; compl.  13083 to  12949 ; AAAGAGTGCTTT...TTATTGGATTAA
     1  KALFFKFPFLQITTDPYVAPIFLLTKSLIFMGPVKCSYLGILIQ*
    44

>NODE_800_length_18389_cov_10.324705 gc=4; compl.  13066 to  12980 ; AAAAAAGGAAAC...TTAACTGGACCC
     1  VSFFTNYNGSLRCTHFFTYQISYLHGSS*
    28

>NODE_800_length_18389_cov_10.324705 gc=4; compl.  12948 to  12874 ; TGATAAGGGAAA...TTAAGTTAATGG
     1  FPLSGDIGLEPILITLKAISLPLT*
    24

>NODE_800_length_18389_cov_10.324705 gc=4; compl.  12857 to  12699 ; CATTCCAAACAA...CTAATATTCTAG
     1  LFGMLKLFLYKIYVCNRSMGLEPVLLEPRSNVLPIKLTPKGLCRGNAGPLEY*
    52

>NODE_800_length_18389_cov_10.324705 gc=4; compl.  12841 to  12746 ; AAAGAAAGAGTT...TTAGTTTAATGG
     1  NSFFIKFMFVIGVWGSNPYYWNQDPMFYPLN*
    31

>NODE_800_length_18389_cov_10.324705 gc=4; compl.  12750 to  12646 ; TTGGGAGTTAGT...CTAAACGAATAA
     1  TNSQRALQGECRPTRILVYYYYPLYPINKSYLFV*
    34

>NODE_800_length_18389_cov_10.324705 gc=4; compl.  12698 to  12621 ; AATAATAATACA...TTATATGGAGGA
     1  CIIITPSILLIKVIYSFRNPTGSSI*
    25

>NODE_800_length_18389_cov_10.324705 gc=4; compl.  12645 to  12568 ; CCGGTAGGGTTC...CTAGTTTTTGCA
     1  EPYRFLHISNTSHNIIFVKINCCKN*
    25

>NODE_800_length_18389_cov_10.324705 gc=4; compl.  12604 to  12500 ; ACGAAGATTATG...TTATAAAAAGAG
     1  HNLRKDQLLQKLDSSRKNLQIYLLFFSFNFYLFL*
    34

>NODE_800_length_18389_cov_10.324705 gc=4; compl.  12567 to  12490 ; TTCGACTAGAAT...TTACCCCTTGTT
     1  ILVERIYRYICYSFLLIFISFYNKG*
    25

>NODE_800_length_18389_cov_10.324705 gc=4; compl.  12518 to  12453 ; AAGAGATAAAAA...TCATCTTTCTCC
     1  FLSLFITRGKSSYVCQTGGER*
    21

>NODE_800_length_18389_cov_10.324705 gc=4; compl.  12499 to  12407 ; TCTTACCCCTTG...TTATTGGTTGGA
     1  QGVRVRMCAKQGEKDEPTLMRKRSHSLSNQ*
    30

>NODE_800_length_18389_cov_10.324705 gc=4; compl.  12452 to  12387 ; ATTAGAGTGGGT...TTACGCCAATAA
     1  THSNEEAESLPVQPINFILLA*
    21

>NODE_800_length_18389_cov_10.324705 gc=4; compl.  12438 to  12334 ; GACTCCGCTTCC...TCAACTATTTCT
     1  GSGVTPCPTNKFYFIGVSLIYYIYKSNYTNYRNS*
    34

>NODE_800_length_18389_cov_10.324705 gc=4; compl.  12386 to  12300 ; AGTATATGAGGC...TTATGCGGGATG
     1  ASYTIYINQITPTIEIVEPKELIRFHPA*
    28

>NODE_800_length_18389_cov_10.324705 gc=4; compl.  12278 to  12198 ; ATTACCTAGACG...TCATTTTTGATT
     1  RLGNPAKPKKCCGKKVKFTPININQK*
    26

>NODE_800_length_18389_cov_10.324705 gc=4; compl.  12228 to  12163 ; ATAGGGGTAAAT...TCAGGATATTGC
     1  IYPYKHQSKMNFPIYLIIAIS*
    21

>NODE_800_length_18389_cov_10.324705 gc=4; compl.  12214 to  12125 ; TTTGATTGATGT...CTATATTTGGAG
     1  TSIKNEFSHISHYSNILIFSQINNKTLQI*
    29

>NODE_800_length_18389_cov_10.324705 gc=4; compl.  12106 to  12038 ; ATTATGTTTTAT...CTAACAGTTCCT
     1  IKHNENEPQYNRCHVILYLRNC*
    22

>NODE_800_length_18389_cov_10.324705 gc=4; compl.  12071 to  11943 ; ATTACATGACAC...TTATGGTGGTTC
     1  VSCNTISKELLAITTPVKPPIVNKNINPRAQSMGVSNLKEPP*
    42

>NODE_800_length_18389_cov_10.324705 gc=4; compl.  11955 to  11809 ; TATGGTGGTTCT...TTAGGCTTTATA
     1  RTTINSGQSTKYFNPSWYGNYHSSRCEIGSSIDIHTDCKHVVRSNYKA*
    48

>NODE_800_length_18389_cov_10.324705 gc=4; compl.  11942 to  11871 ; ATTGGCCACTAT...CTATTTCACAGC
     1  IVANQLNILIPVGTAIIIVAAVK*
    23

>NODE_800_length_18389_cov_10.324705 gc=4; compl.  11870 to  11784 ; CGATACTAGAGC...TTATGCTATGTT
     1  ALVSTSIPTVNMWCAQTIKPNIPIDNIA*
    28

>NODE_800_length_18389_cov_10.324705 gc=4; compl.  11772 to  11704 ; ATATTTGGGTAT...TTACCTGGGTTT
     1  IPKYLFFSRKCWNNLRYHSKPR*
    22

>NODE_800_length_18389_cov_10.324705 gc=4; compl.  11749 to  11606 ; CAACATTTGCGG...TTAATACAACTT
     1  PQMLEQFEIPFQTQVILIYKLLDVQKTRIDVGIKQDLPLQQDQKKLY*
    47

>NODE_800_length_18389_cov_10.324705 gc=4; compl.  11690 to  11346 ; ACATCCAGAAGT...TTATCCTCCTTT
     1  TSGCPKNQNRCWNKTGSPPPAGSKKVVLKFLSVNNIVIAPANTGKANNNKTTVISMDQTN
    61  NGSLSIVIPGALILNIVVIKFIAPRIEEAPAKCKLKMAISTEPPECACILAKGG*
   114

>NODE_800_length_18389_cov_10.324705 gc=4; compl.  11649 to  11587 ; GGAGATCCTGTT...TTATTGACGGAT
     1  NRISPSSRIKKSCIKISIRQ*
    20

>NODE_800_length_18389_cov_10.324705 gc=4; compl.  11605 to  11531 ; CGGATAGAAATT...TTACTGTTGTTT
     1  NFYPSITLLLLLLTQVRPIIIKQQ*
    24

>NODE_800_length_18389_cov_10.324705 gc=4; compl.  11502 to  11416 ; ACTATGGACAGA...TTAGCAGGGGCT
     1  SVHSYSWCPHIKYSSNKIYCSKNRRSPC*
    28

>NODE_800_length_18389_cov_10.324705 gc=4; compl.  11345 to  11142 ; TGGATGAACCGT...TCATGCTTTTGT
     1  TVHPVPAPCSMNDEPNNKIKAGGKSQKLILFNRGNAISGAPIYNGRNQFPNPPIITGITK
    61  KKIITKA*
    67

>NODE_800_length_18389_cov_10.324705 gc=4; compl.  11311 to  11180 ; TGGGCTCATCAT...TTATGATTGGGG
     1  MMSPIIKLRQEVKVKNLYYSIEEMPYQAPQYIMEGINSQTPQS*
    43

>NODE_800_length_18389_cov_10.324705 gc=4; compl.  11134 to  11069 ; ATAATGTGATCG...TTATAAGGTTAG
     1  RSHYIIDHLLALNQGMKVLTL*
    21

>NODE_800_length_18389_cov_10.324705 gc=4; compl.  11114 to  10995 ; GCTAGGAGATGA...TCATAAAGACAT
     1  SSPSIEPGDESSNLISILNDVPIIPENAPNNKYNVPMSL*
    39

>NODE_800_length_18389_cov_10.324705 gc=4; compl.  11059 to  10988 ; TAGGAACGTCAT...CTACAAATCATA
     1  MTFLSYQRTLQTINIMSLCLYDL*
    23

>NODE_800_length_18389_cov_10.324705 gc=4; compl.  11013 to  10927 ; GACATAGGGACA...TTAACCAGGCTT
     1  CPYVFMICRKNSTHYKITHFLYILSKPG*
    28

>NODE_800_length_18389_cov_10.324705 gc=4; compl.  10869 to  10756 ; ACTTATTGGGGG...TTATTTTGGTAA
     1  PPISRITTQVANTWVYASATWGQIKNLYLLLRNCLPK*
    37

>NODE_800_length_18389_cov_10.324705 gc=4; compl.  10855 to  10775 ; TGGGTCGTTATT...CTAAGTAAAAGA
     1  NNDPGGKHLGLRVCHLGADKEFISFT*
    26

>NODE_800_length_18389_cov_10.324705 gc=4; compl.  10796 to  10728 ; GATATAAATTCT...CTAGTTATGATA
     1  RIYIFYLEIVYQNKQHHKDYHN*
    22

>NODE_800_length_18389_cov_10.324705 gc=4; compl.  10720 to  10607 ; AAAGGTATATAA...TTATCGTATTTT
     1  LYTFPDCKLLISCPTRSIHLETPIGPRISKNPLSKIR*
    37

>NODE_800_length_18389_cov_10.324705 gc=4; compl.  10670 to  10584 ; TCTAAATGGATA...TTAAAATTTGGT
     1  YPFRNTHWSKNFKESPIQNTIRNQITKF*
    28

>NODE_800_length_18389_cov_10.324705 gc=4; compl.  10659 to  10576 ; CAATGGGTGTTT...CTAAAATGTTAA
     1  KHPLVQEFQRIPYPKYDKKPNNQILTF*
    27

>NODE_800_length_18389_cov_10.324705 gc=4; compl.  10466 to  10386 ; TATAGAATATTT...CTAATTCCCACA
     1  KYSISFKCIITYKSQNSPQQTKNCGN*
    26

>NODE_800_length_18389_cov_10.324705 gc=4; compl.  10435 to  10202 ; GGCTTTTATAGG...TTATTTAACTTT
     1  PIKAKIAPNKLKIVGISFIIVGTTGGETLPITTSLAKYPTKILPKANAPKGTVIFQEDSW
    61  AFINTSLFVLELEIKVK*
    77

>NODE_800_length_18389_cov_10.324705 gc=4; compl.  10329 to  10225 ; TAGGGTATTTAG...CTAATACAAAAA
     1  LNTLQKYFPKLMHPKGQLYFKKIHGPSLIPLFLY*
    34

>NODE_800_length_18389_cov_10.324705 gc=4; compl.  10212 to  10093 ; TTTATTTAACTT...CTAAAGATTTAA
     1  KLNKSILLNNTQLIRQKILPTNEPKLNNIYHKLTLKLNL*
    39

>NODE_800_length_18389_cov_10.324705 gc=4; compl.  10027 to   9962 ; TCTCCCATTCAC...TCATGCCTTAGC
     1  VNGRNLINPPIFLISCSSAKA*
    21

>NODE_800_length_18389_cov_10.324705 gc=4; compl.  10008 to   9925 ; TGGGTGGGTTAA...TTAAGGCCCTAT
     1  LTHPSFSYLVHLLRHELQSPHLKIIGP*
    27

>NODE_800_length_18389_cov_10.324705 gc=4; compl.   9861 to   9742 ; TGGGTTATATGG...TTATAATCGTAA
     1  PYNPIGCMLSKQQPFLNHFELTLPLQQKKLLKHLILLRL*
    39

>NODE_800_length_18389_cov_10.324705 gc=4; compl.   9802 to   9359 ; GGTAGGGTTAGT...TTACTTATTAAT
     1  TNPTVAAKKAVKAPNTVTIIRAKGEFSKRGPDRIIKKTPAVTIVAACINAETGVGPSIAS
    61  GNQVCNPNWADLPTAPIKSNMHIKVILLEWLTSFITLNTVENSKLPNSLKITNIANTNPM
   121  SPTLFTSIALMAALLALILMNQKFINK*
   147

>NODE_800_length_18389_cov_10.324705 gc=4; compl.   9599 to   9501 ; AAATCGGCCCAA...TCAACAGTATTT
     1  LGRFAYCPYKKQYAYKSHIIRMANLIHHTKYC*
    32

>NODE_800_length_18389_cov_10.324705 gc=4; compl.   9449 to   9366 ; GGAGACATAGGA...TTAATAAATTTT
     1  SYVSHPIYQHSFNGRFIGFNSYEPKIY*
    27

>NODE_800_length_18389_cov_10.324705 gc=4; compl.   9249 to   9187 ; ATCCTCACATTC...CTAGTATTTCTG
     1  ECEDLQTYNLLNKYVLKQKY*
    20

>NODE_800_length_18389_cov_10.324705 gc=4; compl.   9211 to   8900 ; TTTAGTACATAT...TCAATAATTACA
     1  ICTKAEILVMTINIIPVNTSNWNPKLVVNNSESNHFPNFKYKIEVLRFVSLNINIEITQQ
    61  ITIQVEVNTPAPFSPKFLPNPPDIIALHKGKNTIKIYIFCCNY*
   103

>NODE_800_length_18389_cov_10.324705 gc=4; compl.   9009 to   8875 ; GTGCTGGTGTAT...TTATAAAAAATT
     1  IHQHPSLLNFFQIPPILLHFTKAKIRLKYTFSVVIIEGKIPNFL*
    44

>NODE_800_length_18389_cov_10.324705 gc=4; compl.   8899 to   8711 ; GGGATTTTTCCT...TCAAGTCGGGTC
     1  RKNPKFFIRPIVALCEINIIKLGETRKNKIINSENPININLDKDSIFSSVRTYCQIKDDD
    61  PT*
    62

>NODE_800_length_18389_cov_10.324705 gc=4; compl.   8748 to   8665 ; GACAATATGTTC...TTATAGCTGGAG
     1  EHIVKLKMMTRLENKLFLLFLHSTLQL*
    27

>NODE_800_length_18389_cov_10.324705 gc=4; compl.   8720 to   8640 ; TTTCAAGTCGGG...TCAATAATTGCA
     1  PDLKINYFYYSYIVHSSYNRTHHCNY*
    26

>NODE_800_length_18389_cov_10.324705 gc=4; compl.   8664 to   8587 ; TGGTGTGTTCTG...TTAGTAAGTGGT
     1  QNTPLQLLKSNNNEMLCHIIVLTTY*
    25

>NODE_800_length_18389_cov_10.324705 gc=4; compl.   8623 to   8420 ; TGGCATAACATC...TTATGTTATAAT
     1  DVMPYNSINHLLKNPAKGGIPAMDNKVNAKEMAKVGCTLEIPLNSMMSDFLNFNERIKEK
    61  RHIDIIT*
    67

>NODE_800_length_18389_cov_10.324705 gc=4; compl.   8586 to   8494 ; TAGCTGGATTTT...TTAGTGGGATTT
     1  KIQLKEESRLWIIKSMLKRWPKLGAPLKSH*
    30

>NODE_800_length_18389_cov_10.324705 gc=4; compl.   8419 to   8327 ; ATATATGATTAT...TTATAGTGGTAT
     1  IIIYIKLACILSNDPIATPKRTNPICPIPL*
    30

>NODE_800_length_18389_cov_10.324705 gc=4; compl.   8415 to   8311 ; TAATATATATGA...TTAAGCGTTTAT
     1  SYILNLLVYFQTILSPLQKEQTPYALYHYKLINA*
    34

>NODE_800_length_18389_cov_10.324705 gc=4; compl.   8402 to   8322 ; ATACAAGCAAGT...TTAGCTTATAGT
     1  TCLYTFKRSYRHSKKNKPHMPYTTIS*
    26

>NODE_800_length_18389_cov_10.324705 gc=4; compl.   8304 to   8239 ; CTCTGAATCAAA...TTAATGTTTTGG
     1  FDSEHQWPQIPKIIWYLLPKH*
    21

>NODE_800_length_18389_cov_10.324705 gc=4; compl.   8299 to   8000 ; TGGTGCTCTGAA...TTATGGGTTAAT
     1  FRAPMAPNTKDNMVLATKTLTTEAICTKMANITTLGTITNNAVVMVGAPSYTSGAHIWKG
    61  AADNLNSNEIIIKILPVSPSNVKAHIRSPACKLISPINP*
    99

>NODE_800_length_18389_cov_10.324705 gc=4; compl.   8177 to   8109 ; ATTACTACTGCG...TTATCCGCCGCT
     1  RSSNGGSPLIYIWRPHMERSGG*
    22

>NODE_800_length_18389_cov_10.324705 gc=4; compl.   8166 to   8104 ; GGGCTCCCACCA...TTAAATTATCCG
     1  WWEPPHIHLAPTYGKERRII*
    20

>NODE_800_length_18389_cov_10.324705 gc=4; compl.   8085 to   8020 ; GTAAAATTTTAA...TTAGTTTACAGG
     1  LKFYLSRRPMLKRIFALLPVN*
    21

>NODE_800_length_18389_cov_10.324705 gc=4; compl.   8019 to   7939 ; TAATAGGTGAAA...TTAAATATTTTG
     1  FHLLTHKVMRNQIKISQMIKPLRQNI*
    26

>NODE_800_length_18389_cov_10.324705 gc=4; compl.   7999 to   7853 ; TTGCGCATTACT...TTACTTAGCTAT
     1  SNAQPNKNKPDDKAPKTKYLSPASAPYALFLFSATKINKDKVCSSIAK*
    48

>NODE_800_length_18389_cov_10.324705 gc=4; compl.   7852 to   7760 ; TTGACTTTCTAT...TCAGGGAGTAAC
     1  IESQLIEETKNIEPNATINIKTGKSNKVTP*
    30

>NODE_800_length_18389_cov_10.324705 gc=4; compl.   7836 to   7753 ; TAGTTTCTTCAA...TTATAAGTCAGG
     1  LKKLKTLNLMPQLILKQENQIKLLPDL*
    27

>NODE_800_length_18389_cov_10.324705 gc=4; compl.   7759 to   7685 ; TTCTCTTATAAG...TTATATAATTAA
     1  LIREVFFNINKIEIEPIIIINLII*
    24

>NODE_800_length_18389_cov_10.324705 gc=4; compl.   7692 to   7609 ; GGATTTATATAA...TTAATAGTCAGC
     1  LYKSNYLLLKIHLLNQIPPLLKIKADY*
    27

>NODE_800_length_18389_cov_10.324705 gc=4; compl.   7684 to   7616 ; AAATAGTTGGAT...TCAGCTTTTATT
     1  IQLFIVKNPFVKSNPSPSQNKS*
    22

>NODE_800_length_18389_cov_10.324705 gc=4; compl.   7615 to   7550 ; TTTTTTTAATAG...TCAACCTACATT
     1  LLKKIKNPVKNKTIIAVFNVG*
    21

>NODE_800_length_18389_cov_10.324705 gc=4; compl.   7554 to   7411 ; GTGTGTATCAAC...CTAAAGGAAGGT
     1  VDTHHKQLRLILRYSLTTPNNIPHTPYKKQGRELNPHYQMMSLMTFL*
    47

>NODE_800_length_18389_cov_10.324705 gc=4; compl.   7471 to   7394 ; CGCCCCTGCTTT...TTATATTGTAGG
     1  KAGAGIEPTLPDDEPDDLPLVYPTI*
    25

>NODE_800_length_18389_cov_10.324705 gc=4; compl.   7410 to   7276 ; TTGTAGGGTAGA...TTATAGGTAAAG
     1  STLQYKWTSFNNLVLKKFNPLSPSLRLDWNRTNFFVVMSNTLYL*
    44

>NODE_800_length_18389_cov_10.324705 gc=4; compl.   7354 to   7235 ; GGGGAGAGTGGA...TTAAAGTTGTAC
     1  STLPKFKAGLESNQLLCCYEQHTLPISYQPWNKTPVVQL*
    39

>NODE_800_length_18389_cov_10.324705 gc=4; compl.   7180 to   7109 ; AGATTTAATAAA...TTAATAAAGTAA
     1  FIKSLRGQQLIFNVKQTIFSLLY*
    23

>NODE_800_length_18389_cov_10.324705 gc=4; compl.   7149 to   7063 ; TAACATTGAATA...TTAAATCGTTAA
     1  YSMLNKPFSLYFIKEWPIIIHPLINLTI*
    28

>NODE_800_length_18389_cov_10.324705 gc=4; compl.   7108 to   7037 ; ATGGGCCACTCC...TTATAGGATAAA
     1  GVAHYYPPLNKFNDLIAIVPFIL*
    23

>NODE_800_length_18389_cov_10.324705 gc=4; compl.   7033 to   6770 ; TATTTTAGTTGC...TTAGGCCGGAAA
     1  ATKIASPIAISPAATVNTMIVNTSPIKLSRASELIKNKKDIANNISSIDINIIITLLLFK
    61  IMPNTAKINNIIEITKYSLYILFSFPA*
    87

>NODE_800_length_18389_cov_10.324705 gc=4; compl.   6815 to   6747 ; TATTTTGTTATC...TTAATTTTGAAA
     1  DNKIFVIHLIFLSGLKSDLFQN*
    22

>NODE_800_length_18389_cov_10.324705 gc=4; compl.   6810 to   6736 ; ACGAATATTTTG...TTATTCGGACTT
     1  QNIRYTSYFPFRPKIRPLSKLKSE*
    24

>NODE_800_length_18389_cov_10.324705 gc=4; compl.   6769 to   6698 ; AGAGGTCTGATT...CTATGGGTTTAT
     1  NQTSFKIKVRIKLKMPSSNKINP*
    23

>NODE_800_length_18389_cov_10.324705 gc=4; compl.   6746 to   6666 ; TTTATTCGGACT...TTATGCTATCTT
     1  SPNKIKNAIIKQNKPIASERANPKIA*
    26

>NODE_800_length_18389_cov_10.324705 gc=4; compl.   6642 to   6532 ; GCCAGAAATCCT...TTATCTGCTAAA
     1  RISGIAYNKASKNSTYSSTTSSRPNSSSPRSYKFSR*
    36

>NODE_800_length_18389_cov_10.324705 gc=4; compl.   6626 to   6516 ; CCTTATTATAGG...TCAAAAAATGAG
     1  PIIRLPKTVPIPAPLPAAPTVAAPAPINLADNSLIF*
    36

>NODE_800_length_18389_cov_10.324705 gc=4; compl.   6510 to   6436 ; CACTTTTGTTTT...TTAAATGGATTG
     1  KTKVLNDKTEKFPINLPPKRRQSI*
    24

>NODE_800_length_18389_cov_10.324705 gc=4; compl.   6494 to   6381 ; CAGTTTTATCAT...TTATTTACCCCT
     1  MIKLKNFLLIYPPKGGNPFKPIKILETNTTNPRLRGK*
    37

>NODE_800_length_18389_cov_10.324705 gc=4; compl.   6466 to   6392 ; TTGGGGGGTAAA...TTAGTCTTGGGT
     1  FTPQKEAIHLNQSKYLKLIQQTQD*
    24

>NODE_800_length_18389_cov_10.324705 gc=4; compl.   6391 to   6314 ; CTTATTTACCCC...TTATTTGGATAA
     1  GVNKIFKVGSLIDHILLLVETPLSK*
    25

>NODE_800_length_18389_cov_10.324705 gc=4; compl.   6353 to   6183 ; AGTAAGATATGA...TCATATTATGTT
     1  SYLTLGRDALIQINIKTIKIVFTPKNKTFPFHNNSIMGTFQPPRKKIVIIALINII*
    56

>NODE_800_length_18389_cov_10.324705 gc=4; compl.   6182 to   6000 ; GGCTGAATATGG...TCAGAGTTGGGT
     1  PYSAKKKSAKDIEEYSTLNPETNSDSPSVKSKGTRLVSANAETKNMMAAGNIGKTNQTQL
    61  *
    60

>NODE_800_length_18389_cov_10.324705 gc=4; compl.   6063 to   5974 ; TTTGTTTCGGCG...TTAAATGTAACA
     1  RRNKKHDGSRKHRKDKSNPTLSHNNICYI*
    29

>NODE_800_length_18389_cov_10.324705 gc=4; compl.   5999 to   5919 ; TATTGTTATGGC...TTATGAAGTGTC
     1  AITISVTFKEPTHRTTEIIINPIDTS*
    26

>NODE_800_length_18389_cov_10.324705 gc=4; compl.   5992 to   5930 ; TAACAGATATTG...CTATCGGGTTAA
     1  QYLLHLKNPHIEPQRLLLTR*
    20

>NODE_800_length_18389_cov_10.324705 gc=4; compl.   5914 to   5840 ; CTGCTCAAATGA...CTATACTAATGT
     1  SFEQLLLLRLKKRIWSYLTILTLV*
    24

>NODE_800_length_18389_cov_10.324705 gc=4; compl.   5906 to   5835 ; AAGAGCAGCTGC...TTATGCTATACT
     1  AAALIAPKKAYLELLDHPDISIA*
    23

>NODE_800_length_18389_cov_10.324705 gc=4; compl.   5834 to   5760 ; CTCAATTAGTGT...TTACGGGCGGGG
     1  TLIEETANKYNIPTFKSLKTIPRP*
    24

>NODE_800_length_18389_cov_10.324705 gc=4; compl.   5827 to   5738 ; CTGTCTCCTCAA...TTATCGCTTGGG
     1  LRRQQINIISPHLNHLKLFPARKELLPKR*
    29

>NODE_800_length_18389_cov_10.324705 gc=4; compl.   5759 to   5682 ; GGCAGTAATTCC...TCATGCTAATAT
     1  GITAQAIKANINEKMGAIKYIKILA*
    25

>NODE_800_length_18389_cov_10.324705 gc=4; compl.   5724 to   5653 ; CCCATTTTTTCG...CTATTTACAAAG
     1  RKNGGHKIYKNISMIGNYHFLCK*
    23

>NODE_800_length_18389_cov_10.324705 gc=4; compl.   5681 to   5577 ; GGTAATTCCCAA...TTATATACAAAG
     1  LGITISFVNSFTPSAKGCNNPYAPTTLGPFRLCI*
    34

>NODE_800_length_18389_cov_10.324705 gc=4; compl.   5543 to   5451 ; TATTTCAATTGC...TTAAAAATACTC
     1  AIEISNGTIIANVFIIIPTISFLDYSKEYF*
    30

>NODE_800_length_18389_cov_10.324705 gc=4; compl.   5526 to   5422 ; ATTATAGTGCCG...TTAGAGTGGGAA
     1  RHYNSQCFYYYSNHLLLRLLKRVFLNFYSKLFPL*
    34

>NODE_800_length_18389_cov_10.324705 gc=4; compl.   5333 to   5202 ; TGTGGTTTTAAA...TTATGAGTGTGG
     1  FKTTLQGKIKEISKSKIIKRIPIKKKRTEKGILEDSKGSNPHS*
    43

>NODE_800_length_18389_cov_10.324705 gc=4; compl.   5292 to   5164 ; ATGATTTTTGAT...CTAGGAGCGAAA
     1  IKNHKKNPNQEKTYRKRNSRGLKGVKPTLINRNFFTIWLFRS*
    42

>NODE_800_length_18389_cov_10.324705 gc=4; compl.   5233 to   5141 ; CCTTTGAGTCCT...TTATTTCAGGTG
     1  RTQRGQTHTHKQKLFHYLVVSLLEYKNHLK*
    30

>NODE_800_length_18389_cov_10.324705 gc=4; compl.   5156 to   5079 ; TTCAGGTGGTTC...TCAAATAGTCGA
     1  EPPEIIIERPMLTHNIIKITKNSTI*
    25

>NODE_800_length_18389_cov_10.324705 gc=4; compl.   5145 to   5056 ; TCTATTATTATT...TTAATGAAAAAT
     1  NNNRKAYAYAQHYKNYKKFDYLSSYHIFH*
    29

>NODE_800_length_18389_cov_10.324705 gc=4; compl.   5104 to   5006 ; TTTTTGTAATTT...TTAACTCTTTGG
     1  KLQKIRLFELLSYFSLTHEINIIKQNINSPKS*
    32

>NODE_800_length_18389_cov_10.324705 gc=4; compl.   5033 to   4893 ; TTGATATTTTGT...CTAGCCGTAACT
     1  TKYQFPKELISSVILYNPKCLQLNSLPRLVKLTLPSLNKIIVVSYG*
    46

>NODE_800_length_18389_cov_10.324705 gc=4; compl.   4845 to   4783 ; CATTGTTCTTAC...TTATTCATTTAT
     1  VRTMAPIIATNKIKLAKINE*
    20

>NODE_800_length_18389_cov_10.324705 gc=4; compl.   4776 to   4678 ; TTTATATACTGA...TTATGCAAATTT
     1  SVYKIRPKASKLENLIISIDTSQKSKTSVKFA*
    32

>NODE_800_length_18389_cov_10.324705 gc=4; compl.   4718 to   4632 ; TTTGAGATGTGT...TTATAATTGGAA
     1  THLKNLKHLLNLHNLFLHYYKQLPLFQL*
    28

>NODE_800_length_18389_cov_10.324705 gc=4; compl.   4687 to   4619 ; GATTATGCAAAT...CTATTCGAAATT
     1  ICIICFSITINNCLSSNYKNFE*
    22

>NODE_800_length_18389_cov_10.324705 gc=4; compl.   4656 to   4582 ; AGAGGCAATTGT...TTATATTCCTAT
     1  TIASLPIIKISNSKKTPITEPIGI*
    24

>NODE_800_length_18389_cov_10.324705 gc=4; compl.   4581 to   4399 ; GGATATGTCTAA...TCACTCAGTTTT
     1  LDISPTPSRSVKFNIIITNKNKIAIAPTYTIKNIKAIKSIFNNIKRAEAPKKTAINQKTE
    61  *
    60

>NODE_800_length_18389_cov_10.324705 gc=4; compl.   4532 to   4470 ; TTTTGTTTGTAA...TTATCGCTTTAA
     1  LQTKIRLQSLQHILLKILKR*
    20

>NODE_800_length_18389_cov_10.324705 gc=4; compl.   4398 to   4336 ; TCTTAACCCGAT...TTATGCAATCAC
     1  IGLRAEITIIPDTKTANVIA*
    20

>NODE_800_length_18389_cov_10.324705 gc=4; compl.   4302 to   4234 ; GAAATTTTTAAC...TCAAGATACTGA
     1  VKNFQLNVIITKQYELIKLSVS*
    22

>NODE_800_length_18389_cov_10.324705 gc=4; compl.   4267 to   4172 ; AATTCGTATTGT...TCATATTCCAAG
     1  TIRINKTLSILNTHFPPTKLPTTDRNGFLGI*
    31

>NODE_800_length_18389_cov_10.324705 gc=4; compl.   4233 to   4147 ; GGAAATGAGTAT...TTAATTGATACA
     1  ILISPLLNYPQLIGMGFLEYDRTFYCIN*
    28

>NODE_800_length_18389_cov_10.324705 gc=4; compl.   4171 to   4064 ; TAAAAAGTTCTG...CTAGGGATTTAA
     1  QNFLLYQLIQKDKHLLNKLKKLKVITQKILVYLNP*
    35

>NODE_800_length_18389_cov_10.324705 gc=4; compl.   4118 to   4011 ; AGTTTTTTTAGT...TTATTTGTATAA
     1  TKKTKGNNAKNSRLFKSLEKKRKLEVFPKHTLLYK*
    35

>NODE_800_length_18389_cov_10.324705 gc=4; compl.   4071 to   3991 ; TTTTCTAGGGAT...TTAGGAGCCGCA
     1  IPRKEKKIRSISKTHSIIQIKRICGS*
    26

>NODE_800_length_18389_cov_10.324705 gc=4; compl.   4045 to   3956 ; TTGGAAATACTT...TTATTGTGGGGG
     1  KYFQNTLYYTNKENMRLLKSFPKRPIPPQ*
    29

>NODE_800_length_18389_cov_10.324705 gc=4; compl.   4010 to   3819 ; CGCATATTCTCT...TTATCGTGGGGT
     1  REYAAPKIIPKEANPPTIKLYSNAAKSDKSSPTKLQLKGIAILAKIINNMTIEKIGIVIV
    61  TPR*
    63

>NODE_800_length_18389_cov_10.324705 gc=4; compl.   3955 to   3860 ; TTGAGTATAGTT...TCATGTTATTAA
     1  NYTQMRLKATKALQQSYNSKESQYWLKSLIT*
    31

>NODE_800_length_18389_cov_10.324705 gc=4; compl.   3838 to   3767 ; GGGTAACAATAA...TTATAATTGTAA
     1  LLLPHDNILLIEYGGVRIKELQL*
    23

>NODE_800_length_18389_cov_10.324705 gc=4; compl.   3818 to   3741 ; ATTAGTAAAATA...TCACGGGTTTGT
     1  YFTNRVWWRSYKRVTIINKAELTNP*
    25

>NODE_800_length_18389_cov_10.324705 gc=4; compl.   3596 to   3504 ; GTTTGCTATTAT...TTATGGGTTTAT
     1  IIANRLKVCIKGAKYSEAKGNKGQENLINP*
    30

>NODE_800_length_18389_cov_10.324705 gc=4; compl.   3589 to   3515 ; TAAGTCTGTTTG...TTAGATTTTCTT
     1  QTDLKFVLKGQNILRLKEIRAKKI*
    24

>NODE_800_length_18389_cov_10.324705 gc=4; compl.   3511 to   3386 ; GGGGTTATGGGT...TTAGTTTAGCAA
     1  THNPLILIKRPPTLPILLLGPLHEPGVTKYEREFWGFLLLN*
    41

>NODE_800_length_18389_cov_10.324705 gc=4; compl.   3503 to   3441 ; AAAATTAGGGGG...TCATGTAGAGGC
     1  PPNFNKTPANITDPATGAST*
    20

>NODE_800_length_18389_cov_10.324705 gc=4; compl.   3419 to   3357 ; CAAAATTCCCTT...TCAAAAATGAGT
     1  KGILGIFIAKLTKNPIKTHF*
    20

>NODE_800_length_18389_cov_10.324705 gc=4; compl.   3317 to   3246 ; TGGGACAACTGA...TTATACTTTAAT
     1  SVVPVLLYNINMPNNINTEPIKV*
    23

>NODE_800_length_18389_cov_10.324705 gc=4; compl.   3286 to   3188 ; TATTAGGCATAT...TTATAGGAGTAT
     1  ICLITSILNQLKYKRKNSRKLKLFLLLNLILL*
    32

>NODE_800_length_18389_cov_10.324705 gc=4; compl.   3230 to   3147 ; AGTTTTAGCTTC...TTATATATTGTT
     1  EAKTFSSLEPHTPIIKNIGIKIPSNNI*
    27

>NODE_800_length_18389_cov_10.324705 gc=4; compl.   3175 to   3056 ; GGATTTTAATTC...TTAAATTTCTTT
     1  ELKSLQTIYKIITSLILKTLPLIRFLKPINTTKIPLKEI*
    39

>NODE_800_length_18389_cov_10.324705 gc=4; compl.   3146 to   2904 ; CTTGTTATTATT...TCAGGGGTTAAA
     1  NNNKSNIKNTPINKISKTNKHNKNSFKRNLIEFQLINIHIGINMAVKIKKKTDIPSTAKT
    61  TVPLDHIPTIVGIHSTIFNP*
    80

>NODE_800_length_18389_cov_10.324705 gc=4; compl.   3052 to   2954 ; TAAGTTGGAATT...CTAGTGGGACAG
     1  NSNLLIYILVLIWPLKLKKKQIFHLPQKQLSH*
    32

>NODE_800_length_18389_cov_10.324705 gc=4; compl.   3000 to   2911 ; TCTGTTTTTTTT...TTAAAAATAGTA
     1  KKNRYSIYRKNNCPTRPYSHNSRDSLYYF*
    29

>NODE_800_length_18389_cov_10.324705 gc=4; compl.   2932 to   2825 ; TAGAGTGAATCC...TTACAGCCTTGC
     1  GFTLLFLTPEIGPLHQMLPIIQLLLLEWLMTTARL*
    35

>NODE_800_length_18389_cov_10.324705 gc=4; compl.   2903 to   2808 ; AGAGGGCCAATT...TCAGACACAATT
     1  NWPSPSNVTHNTIVAVRVANDHCKAVSFNCV*
    31

>NODE_800_length_18389_cov_10.324705 gc=4; compl.   2780 to   2676 ; ATTTGGTACACT...TTATCTGCTT!T
     1  SVPNKSKIKIILNISLFLLRKMGLEPTAFCSQSR*
    34

>NODE_800_length_18389_cov_10.324705 gc=4; compl.   2755 to   2588 ; TAAGTATAATTT...TTAGTTATAAAG
     1  KLYLTSPYSYSGKWDLNPQPSAPKADNLPIDLFPVNKSYYIKFSINNTILYNLYN*
    55

>NODE_800_length_18389_cov_10.324705 gc=4; compl.   2619 to   2542 ; GTATAGTATTAT...TTAAAGATTACT
     1  IILYFITFITNKGWERISLSGISNL*
    25

>NODE_800_length_18389_cov_10.324705 gc=4; compl.   2591 to   2490 ; AACCTTTATTAG...TTAAAGAAAAAC
     1  LIKVGKELVFRALVIFNTPHYCGQYIDPIHVFL*
    33

>NODE_800_length_18389_cov_10.324705 gc=4; compl.   2541 to   2458 ; TAATGTGGCGTG...TTATTTCCTGTT
     1  HATLLWPIYRSYSRFSLKLPSLYLNRK*
    27

>NODE_800_length_18389_cov_10.324705 gc=4; compl.   2512 to   2303 ; CGTGAATAGGAT...CTATCTACAATT
     1  ILFTFFFKTALIIFKQEIKIIVFSLEMHSAIIPFIVATQHLKLVTIGRLSFDPFVLENNL
    61  FSISFTNCR*
    69

>NODE_800_length_18389_cov_10.324705 gc=4; compl.   2435 to   2337 ; GCTGAATGCATT...TTATTCTCTAGT
     1  NAFSDYTFHRSYPTFKIGHHRTTILRSFRTRE*
    32

>NODE_800_length_18389_cov_10.324705 gc=4; compl.   2343 to   2167 ; ATAAATTATTCT...TTATTGACGACA
     1  RIIYLVFPLQIVDRNRAILRCTELKSCAVLMDEQSNPWKRLHLQVTTIQHRGRKHCRQ*
    58

>NODE_800_length_18389_cov_10.324705 gc=4; compl.   2275 to   2114 ; CATGATTTGAGT...TCAACGGATAAA
     1  TQIMCGFNGRTVQPLETAAPPGHHNSTSRSQTLSSIRTLKQYYAVIPMVTFIR*
    53

>NODE_800_length_18389_cov_10.324705 gc=4; compl.   2252 to   2088 ; ACTGTTCGTCCA...TTAATATAAAGT
     1  WTNSPTLGNGCTSRSPQFNIEVANIVVNKNSQTILRCYPYGNFYPLIVNYYTLY*
    54

>NODE_800_length_18389_cov_10.324705 gc=4; compl.   2106 to   1945 ; AAAGTGTAATAG...TTAAAAAGTGTA
     1  LLHFILTGHFNRPNGPCSDCYLYSQAYYVFTFCSPSLLFKRRLPQPNCPTYTF*
    53

>NODE_800_length_18389_cov_10.324705 gc=4; compl.   2087 to   1932 ; TAAAGTGACCCG...TTATAGACTAAG
     1  RVTLTALMGPAQIVIFTVKLIMSLPSVHLRYFLKGGCPNQTVQLTLFKLSL*
    51

>NODE_800_length_18389_cov_10.324705 gc=4; compl.   2065 to   1988 ; GAGCAGGGCCCA...TTAAAAAGTAAC
     1  WALLRLLSLQSSLLCLYLLFTFVTF*
    25

>NODE_800_length_18389_cov_10.324705 gc=4; compl.   1987 to   1925 ; GGCAACCGCCTT...TTATAACTTATA
     1  KAVAPTKLSNLHFLSLVYKL*
    20

>NODE_800_length_18389_cov_10.324705 gc=4; compl.   1924 to   1853 ; TTTTTTATTTAA...TTATATTGTTAT
     1  LNKKVETFRALHSHDTNLFDITI*
    23

>NODE_800_length_18389_cov_10.324705 gc=4; compl.   1860 to   1762 ; AAACTTATATTG...TCAAGATAAATA
     1  QYKFPVKLNRVFSSNNLYVASSLRIQFHRYLS*
    32

>NODE_800_length_18389_cov_10.324705 gc=4; compl.   1816 to   1754 ; ACGTACAAATTG...CTACTGTCTCAA
     1  QFVRSIFTTNSISSVFILRQ*
    20

>NODE_800_length_18389_cov_10.324705 gc=4; compl.   1802 to   1551 ; GTAGTGAAGATG...TTACCAAAAACA
     1  HLHYEFNFIGIYLETVEHSLHHSYLPTINWLLITLHYHGQFYRGHLIVLIQMTYTPFVFG
    61  SNHWAGLTSNTTILHICWKLCFW*
    83

>NODE_800_length_18389_cov_10.324705 gc=4; compl.   1716 to   1441 ; ATCAATAGCCAA...TTATTTTAAGGA
     1  LAIDYATLSRSVLPRPFNCPYTNDIHTICFRIQSLGRPHLQYDYFTYLLEAVFLVNSRHS
    61  LFSATYHFIIFRSDRYPFSLTYGVILPSSLK*
    91

>NODE_800_length_18389_cov_10.324705 gc=4; compl.   1645 to   1502 ; ATGGTGTGTATG...CTAAAAATTATG
     1  HTHHLFSDPIIGQASPPIRLFYIFAGSCVFGKQSTLPLFCHLPFHNF*
    47

>NODE_800_length_18389_cov_10.324705 gc=4; compl.   1492 to   1403 ; GAGAAGGGGTAC...CTAAGGACTAAC
     1  VPLLANLRGHFAEFLKINFTITLPTRVSP*
    29

>NODE_800_length_18389_cov_10.324705 gc=4; compl.   1383 to   1282 ; GCCAAGAAAATT...TTAAGGTAAATC
     1  NFLGSLELIPFSLINTPPRRRILETVSPNLDLP*
    33

>NODE_800_length_18389_cov_10.324705 gc=4; compl.   1313 to   1152 ; GTGAAACAGTCT...CTATGAATAAAG
     1  RLFHPIWIYLKLEPLGSDQCFSHWGFTHVRIITTDYKLFANYCSVRSATILYS*
    53

>NODE_800_length_18389_cov_10.324705 gc=4; compl.   1267 to   1136 ; ACTGATCACTGC...TTAAGAAACCCC
     1  AVISVSHTGVLLMFALSLLITSFSLTIVQYVLLPYFIHSFGVS*
    43

>NODE_800_length_18389_cov_10.324705 gc=4; compl.   1191 to   1126 ; ACTGAACAATAG...TTAGGGTGGCTT
     1  LLFSTFCYHTLFIVSGFLKPP*
    21

>NODE_800_length_18389_cov_10.324705 gc=4; compl.   1119 to   1039 ; ATTTATAAACCC...TTAAGAGAATAA
     1  GFINLLNELLRNLTKMAGSKPTYLFS*
    26

>NODE_800_length_18389_cov_10.324705 gc=4; compl.   1084 to    995 ; ATCTTTGTTAGA...TTAGGTCATTAA
     1  SNKDGWFQAYLLILLTDKLPFTLRFFLMT*
    29

>NODE_800_length_18389_cov_10.324705 gc=4; compl.    999 to    904 ; CATAAGTTTAGG...CTAAACTATGAA
     1  PKLMIWVVSLSTINLIAYCPSIIQYSFTFIV*
    31

>NODE_800_length_18389_cov_10.324705 gc=4; compl.    994 to    854 ; CAGATCATAAGT...TTATTGTAAAGC
     1  TYDLGCFPLDNKPDRLLSVYYTIFFYLHSLVSLGQLAPPTPSSALQ*
    46

>NODE_800_length_18389_cov_10.324705 gc=4; compl.    899 to    786 ; AGCTGGCCAAGA...CTAATCGAACTT
     1  SWPACASNTLQCFTIKKLSITLYLNKFRRKPANSKFD*
    37

>NODE_800_length_18389_cov_10.324705 gc=4; compl.    826 to    650 ; TGCGAAATTTAT...TTATCTTTCAGT
     1  INFAENQLTPSSISFSLLDTGHPRFLPQSSVRSSTNFYISFKLPIPRSLGFGKNLTER*
    58

>NODE_800_length_18389_cov_10.324705 gc=4; compl.    785 to    720 ; AGTAGTGAAAAG...TTAGTGGAGGAA
     1  LFTTRHRSSEIFATIISSFLH*
    21

>NODE_800_length_18389_cov_10.324705 gc=4; compl.    771 to    661 ; GATGACCTGTGT...TCAAATTCTTCC
     1  TQVIRDFCHNHQFVPPLIFTLASNCPYLDHLVSGRI*
    36

>NODE_800_length_18389_cov_10.324705 gc=4; compl.    656 to    579 ; AAAATTTATCTT...TTAAGATTTGGC
     1  KINFLNAIKTRFRYIFIYILKFAKS*
    25

>NODE_800_length_18389_cov_10.324705 gc=4; compl.    631 to    563 ; GAAAGCGAGTTT...TTATGGGTTCGC
     1  KLAFATSSFIYLNLPNLNLANP*
    22

>NODE_800_length_18389_cov_10.324705 gc=4; compl.    594 to    385 ; GATTTGGCAAAT...CTAAATAAAGTC
     1  ICQILILRTHNTKGTCFYTACKSTNFRLYFTISSLSTFLHSTFHYRFVLIFSPDVCDTFL
    61  QIVILNDFI*
    69

>NODE_800_length_18389_cov_10.324705 gc=4; compl.    578 to    408 ; GGGTTCGCAAGA...CTATTTGAAGAA
     1  SCEPIIQKVRVFTLLVSQQISDSISLFPLFQLSFTVLFTIGLFLYLVQMCATPFFK*
    56

>NODE_800_length_18389_cov_10.324705 gc=4; compl.    529 to    440 ; AAATTTGTTGAC...CTAAATATAAGA
     1  VNKFQTLFHYFLSFNFPSQYFSLSVCSYI*
    29

>NODE_800_length_18389_cov_10.324705 gc=4; compl.    407 to    345 ; CATTAAGTATAA...TTAGAATTGAAA
     1  LYLMTLFRIDRTFTLFGFQF*
    20

>NODE_800_length_18389_cov_10.324705 gc=4; compl.    394 to    329 ; TTCTAAATAAAG...TTAAACTCTTAG
     1  LYLELTGLLPSLVFNSNPLRV*
    21

>NODE_800_length_18389_cov_10.324705 gc=4; compl.    336 to    187 ; GAGCTTAAACTC...TCAACTTTGAGT
     1  EFKLRFRSPLLTESRLISFILVLKCFNSQIKSNYLGFPCGDPTLKITQS*
    49

>NODE_800_length_18389_cov_10.324705 gc=4; compl.    328 to    266 ; CGAAAGCGGAGC...TTAAGTACCAAA
     1  APLSLTATNGISLDFFYFGT*
    20

>NODE_800_length_18389_cov_10.324705 gc=4; compl.    287 to    162 ; AAATAAAAGAAA...TTAATGGGCGTT
     1  FLLFWYLNVLIPKLNLITWVSPVGIQLSKLLKVDLSFNNAH*
    41

>NODE_800_length_18389_cov_10.324705 gc=4; compl.    238 to      2 ; AAACCCAAGTAA...TAGTTCAATAAG
     1  LLGFPLWGSNSQNYSKLTFRLITPIKNTLVIHLLLVPTNLYIYKIFLLNVDITFFFYYCL
    61  TLDFNQHNPPKWRCSLIEL
    79

>NODE_800_length_18389_cov_10.324705 gc=4; compl.     81 to      1 ; AGAAGAAGAACG...CTAGTTCAATAA
     1  RSSSIIALRWILTNTIRLNGAVLLLN*
    26

