#!/usr/bin/env map2ps
@TITLE

HO_Plakortis_symbiotica, mtDNA

@SCALE

5000
5000
5000
3312

@GENOME

0         81        
0         2488      +"rnl"              
0         84        
0         70        +"trnP(ugg)"        
0         70        
0         1422      +"nad4"             
0         106       
0         594       +"nad6"             
0         152       
0         358       +"nad3"             
0         70        
0         964       +"nad1"             
0         70        
0         207       +"atp9"             
0         70        
0         288       +"nad4L"            
0         171       
0         70        +"trnM(cau)_1"      
0         64        
0         46        +"trnM(cau)_2"      
0         70        +"overlap"          
0         1362      +"nad2"             
0         70        
0         1831      +"nad5"             
0         178       
0         1566      +"cox1"             
0         218       
0         70        +"trnQ(uug)"        
0         57        
0         70        +"trnW(uca)"        
0         218       
0         1179      +"cob"              
0         100       
0         739       +"cox2"             
0         70        
0         146       +"atp8"             
0         70        
0         694       +"atp6"             
0         70        
0         754       +"cox3"             
0         70        
18312     1265      +"rns"              
