#!/usr/bin/env map2ps
@TITLE

hplakmt.mf, Unknown DNA

@SCALE

5000
5000
5000
2095

@GENOME

0         2459      +"rnl"              
0         133       
0         70        +"trnQ(uug)"        
0         70        
0         234       +"nad4L"            
0         84        
0         1569      +"cox1"             
0         80        
0         963       +"nad1"             
0         140       
0         70        +"trnM(cau)"        
0         70        
0         1266      +"nad2"             
0         70        
0         1828      +"nad5"             
0         89        
0         735       +"cox2"             
0         70        
0         721       +"atp6"             
0         70        
0         755       +"cox3"             
0         70        
0         70        +"trnW(uca)"        
0         97        
0         1143      +"cob"              
0         131       
0         1455      +"nad4"             
0         94        
0         546       +"nad6"             
0         70        
0         338       +"nad3"             
0         139       
0         70        +"trnL(uaa)"        
0         70        
0         1116      +"rns"              
0         70        
17095     70        +"trnI(aau)"        
